ARM Linker, 5.03 [Build 76] [MDK-ARM Professional]

==============================================================================

Section Cross References

    startup.o(STACK) refers (Special) to heapauxi.o(.text) for __use_two_region_memory
    startup.o(HEAP) refers (Special) to heapauxi.o(.text) for __use_two_region_memory
    startup.o(RESET) refers (Special) to heapauxi.o(.text) for __use_two_region_memory
    startup.o(RESET) refers to startup.o(STACK) for StackMem
    startup.o(RESET) refers to spaceinvaders.o(i.SysTick_Handler) for SysTick_Handler
    startup.o(RESET) refers to spaceinvaders.o(i.GPIOPortD_Handler) for GPIOPortD_Handler
    startup.o(RESET) refers to timer0.o(i.Timer0A_Handler) for Timer0A_Handler
    startup.o(RESET) refers to timer1.o(i.Timer1A_Handler) for Timer1A_Handler
    startup.o(RESET) refers to sound.o(i.Timer2A_Handler) for Timer2A_Handler
    startup.o(RESET) refers to texas.o(.text) for Timer4A_Handler
    startup.o(RESET) refers to __main.o(!!!main) for __main
    startup.o(.text) refers (Special) to heapauxi.o(.text) for __use_two_region_memory
    startup.o(.text) refers to startup.o(HEAP) for HeapMem
    startup.o(.text) refers to startup.o(STACK) for StackMem
    random.o(.text) refers to random.o(DATA) for M
    timer0.o(i.Timer0A_Handler) refers to timer0.o(.data) for PeriodicTask0
    timer0.o(i.Timer0_Init) refers to timer0.o(.data) for PeriodicTask0
    timer1.o(i.Timer1A_Handler) refers to timer1.o(.data) for PeriodicTask1
    timer1.o(i.Timer1_Init) refers to timer1.o(.data) for PeriodicTask1
    sound.o(i.Delayroutine) refers to sound.o(.data) for input
    sound.o(i.Explosion_counter) refers to sound.o(.data) for explode
    sound.o(i.Shoot_counter) refers to sound.o(.data) for shot
    sound.o(i.Sound_Init) refers to dac.o(i.DAC_Init) for DAC_Init
    sound.o(i.StartScreenMusic) refers to sound.o(i.Sound_Play) for Sound_Play
    sound.o(i.StartScreenMusic) refers to sound.o(i.Delayroutine) for Delayroutine
    sound.o(i.StartScreenMusic) refers to sound.o(.data) for startmusicflag
    sound.o(i.Timer2A_Handler) refers to dac.o(i.DAC_Out) for DAC_Out
    sound.o(i.Timer2A_Handler) refers to sound.o(i.shootconvert) for shootconvert
    sound.o(i.Timer2A_Handler) refers to sound.o(i.Shoot_counter) for Shoot_counter
    sound.o(i.Timer2A_Handler) refers to sound.o(i.explosionconvert) for explosionconvert
    sound.o(i.Timer2A_Handler) refers to sound.o(i.Explosion_counter) for Explosion_counter
    sound.o(i.Timer2A_Handler) refers to sound.o(i.invaderconvert) for invaderconvert
    sound.o(i.Timer2A_Handler) refers to sound.o(i.invader_counter) for invader_counter
    sound.o(i.Timer2A_Handler) refers to sound.o(.data) for startmusicflag
    sound.o(i.Timer2A_Handler) refers to sound.o(.constdata) for sinewave
    sound.o(i.explosionconvert) refers to sound.o(.constdata) for explosion
    sound.o(i.explosionconvert) refers to sound.o(.data) for b
    sound.o(i.invader_counter) refers to sound.o(.data) for invader
    sound.o(i.invaderconvert) refers to sound.o(.constdata) for invaderkilled
    sound.o(i.invaderconvert) refers to sound.o(.data) for c
    sound.o(i.setexplosion) refers to sound.o(.data) for ExplosionFlag
    sound.o(i.setinvader) refers to sound.o(.data) for invaderflag
    sound.o(i.setshoot) refers to sound.o(.data) for shootflag
    sound.o(i.shootconvert) refers to sound.o(.constdata) for shoot
    sound.o(i.shootconvert) refers to sound.o(.data) for a
    print.o(.text) refers (Special) to st7735.o(i.ST7735_OutString) for ST7735_OutString
    print.o(.text) refers to st7735.o(i.ST7735_OutChar) for ST7735_OutChar
    spaceinvaders.o(i.GPIOPortD_Handler) refers to sound.o(i.setshoot) for setshoot
    spaceinvaders.o(i.GPIOPortD_Handler) refers to spaceinvaders.o(i.newLaser) for newLaser
    spaceinvaders.o(i.GPIOPortD_Handler) refers to spaceinvaders.o(.data) for button0Wait
    spaceinvaders.o(i.PortD_Init) refers to spaceinvaders.o(i.startScreen) for startScreen
    spaceinvaders.o(i.SysTick_Handler) refers to adc.o(i.ADC_In) for ADC_In
    spaceinvaders.o(i.SysTick_Handler) refers to spaceinvaders.o(.data) for ADCMail
    spaceinvaders.o(i.SysTick_Handler) refers to spaceinvaders.o(.bss) for LaserTrack
    spaceinvaders.o(i.endScreen) refers to spaceinvaders.o(i.Convert) for Convert
    spaceinvaders.o(i.endScreen) refers to st7735.o(i.ST7735_DrawBitmap) for ST7735_DrawBitmap
    spaceinvaders.o(i.endScreen) refers to sound.o(i.setexplosion) for setexplosion
    spaceinvaders.o(i.endScreen) refers to spaceinvaders.o(i.delay) for delay
    spaceinvaders.o(i.endScreen) refers to startup.o(.text) for DisableInterrupts
    spaceinvaders.o(i.endScreen) refers to spaceinvaders.o(i.gameOver) for gameOver
    spaceinvaders.o(i.endScreen) refers to spaceinvaders.o(.data) for ADCMail
    spaceinvaders.o(i.endScreen) refers to spaceinvaders.o(.constdata) for ShipClear
[...]
    st7735.o(i.Output_Init) refers to st7735.o(i.ST7735_FillScreen) for ST7735_FillScreen
    st7735.o(i.Output_Off) refers to st7735.o(i.Output_Clear) for Output_Clear
    st7735.o(i.Output_On) refers to st7735.o(i.Output_Init) for Output_Init
    st7735.o(i.ST7735_DrawBitmap) refers to st7735.o(i.setAddrWindow) for setAddrWindow
    st7735.o(i.ST7735_DrawBitmap) refers to lcd.o(.text) for writedata
    st7735.o(i.ST7735_DrawBitmap) refers to st7735.o(.data) for _width
    st7735.o(i.ST7735_DrawChar) refers to st7735.o(i.setAddrWindow) for setAddrWindow
    st7735.o(i.ST7735_DrawChar) refers to st7735.o(i.pushColor) for pushColor
    st7735.o(i.ST7735_DrawChar) refers to st7735.o(.data) for _width
    st7735.o(i.ST7735_DrawChar) refers to st7735.o(.constdata) for Font
    st7735.o(i.ST7735_DrawCharS) refers to st7735.o(i.ST7735_DrawPixel) for ST7735_DrawPixel
    st7735.o(i.ST7735_DrawCharS) refers to st7735.o(i.ST7735_FillRect) for ST7735_FillRect
    st7735.o(i.ST7735_DrawCharS) refers to st7735.o(.data) for _width
    st7735.o(i.ST7735_DrawCharS) refers to st7735.o(.constdata) for Font
    st7735.o(i.ST7735_DrawFastHLine) refers to st7735.o(i.setAddrWindow) for setAddrWindow
    st7735.o(i.ST7735_DrawFastHLine) refers to lcd.o(.text) for writedata
    st7735.o(i.ST7735_DrawFastHLine) refers to st7735.o(.data) for _width
    st7735.o(i.ST7735_DrawFastVLine) refers to st7735.o(i.setAddrWindow) for setAddrWindow
    st7735.o(i.ST7735_DrawFastVLine) refers to lcd.o(.text) for writedata
    st7735.o(i.ST7735_DrawFastVLine) refers to st7735.o(.data) for _width
    st7735.o(i.ST7735_DrawPixel) refers to st7735.o(i.setAddrWindow) for setAddrWindow
    st7735.o(i.ST7735_DrawPixel) refers to st7735.o(i.pushColor) for pushColor
    st7735.o(i.ST7735_DrawPixel) refers to st7735.o(.data) for _width
    st7735.o(i.ST7735_DrawString) refers to st7735.o(i.ST7735_DrawCharS) for ST7735_DrawCharS
    st7735.o(i.ST7735_FillRect) refers to st7735.o(i.setAddrWindow) for setAddrWindow
    st7735.o(i.ST7735_FillRect) refers to lcd.o(.text) for writedata
    st7735.o(i.ST7735_FillRect) refers to st7735.o(.data) for _width
    st7735.o(i.ST7735_FillScreen) refers to st7735.o(i.ST7735_FillRect) for ST7735_FillRect
    st7735.o(i.ST7735_FillScreen) refers to st7735.o(.data) for _height
    st7735.o(i.ST7735_InitB) refers to st7735.o(i.commonInit) for commonInit
    st7735.o(i.ST7735_InitB) refers to st7735.o(i.ST7735_SetCursor) for ST7735_SetCursor
    st7735.o(i.ST7735_InitB) refers to st7735.o(i.ST7735_FillScreen) for ST7735_FillScreen
    st7735.o(i.ST7735_InitB) refers to st7735.o(.constdata) for Bcmd
    st7735.o(i.ST7735_InitB) refers to st7735.o(.data) for StTextColor
    st7735.o(i.ST7735_InitR) refers to st7735.o(i.commonInit) for commonInit
    st7735.o(i.ST7735_InitR) refers to st7735.o(i.commandList) for commandList
    st7735.o(i.ST7735_InitR) refers to lcd.o(.text) for writecommand
    st7735.o(i.ST7735_InitR) refers to st7735.o(i.ST7735_SetCursor) for ST7735_SetCursor
    st7735.o(i.ST7735_InitR) refers to st7735.o(i.ST7735_FillScreen) for ST7735_FillScreen
    st7735.o(i.ST7735_InitR) refers to st7735.o(.constdata) for Rcmd1
    st7735.o(i.ST7735_InitR) refers to st7735.o(.data) for ColStart
    st7735.o(i.ST7735_InvertDisplay) refers to lcd.o(.text) for writecommand
    st7735.o(i.ST7735_OutChar) refers to st7735.o(i.ST7735_DrawString) for ST7735_DrawString
    st7735.o(i.ST7735_OutChar) refers to st7735.o(i.ST7735_DrawCharS) for ST7735_DrawCharS
    st7735.o(i.ST7735_OutChar) refers to st7735.o(.data) for StY
    st7735.o(i.ST7735_OutString) refers to st7735.o(i.ST7735_OutChar) for ST7735_OutChar
    st7735.o(i.ST7735_OutUDec) refers to st7735.o(i.fillmessage) for fillmessage
    st7735.o(i.ST7735_OutUDec) refers to st7735.o(i.ST7735_DrawString) for ST7735_DrawString
    st7735.o(i.ST7735_OutUDec) refers to st7735.o(i.ST7735_DrawCharS) for ST7735_DrawCharS
    st7735.o(i.ST7735_OutUDec) refers to st7735.o(.data) for Messageindex
    st7735.o(i.ST7735_OutUDec) refers to st7735.o(.bss) for Message
    st7735.o(i.ST7735_PlotBar) refers to st7735.o(i.ST7735_DrawFastVLine) for ST7735_DrawFastVLine
    st7735.o(i.ST7735_PlotBar) refers to st7735.o(.data) for Ymin
    st7735.o(i.ST7735_PlotClear) refers to st7735.o(i.ST7735_Color565) for ST7735_Color565
    st7735.o(i.ST7735_PlotClear) refers to st7735.o(i.ST7735_FillRect) for ST7735_FillRect
    st7735.o(i.ST7735_PlotClear) refers to st7735.o(.data) for Ymax
    st7735.o(i.ST7735_PlotLine) refers to st7735.o(i.ST7735_DrawPixel) for ST7735_DrawPixel
    st7735.o(i.ST7735_PlotLine) refers to st7735.o(.data) for Ymin
    st7735.o(i.ST7735_PlotNext) refers to st7735.o(.data) for X
    st7735.o(i.ST7735_PlotNextErase) refers to st7735.o(i.ST7735_Color565) for ST7735_Color565
    st7735.o(i.ST7735_PlotNextErase) refers to st7735.o(i.ST7735_DrawFastVLine) for ST7735_DrawFastVLine
    st7735.o(i.ST7735_PlotNextErase) refers to st7735.o(.data) for X
    st7735.o(i.ST7735_PlotPoint) refers to st7735.o(i.ST7735_DrawPixel) for ST7735_DrawPixel
    st7735.o(i.ST7735_PlotPoint) refers to st7735.o(.data) for Ymin
    st7735.o(i.ST7735_PlotPoints) refers to st7735.o(i.ST7735_DrawPixel) for ST7735_DrawPixel
    st7735.o(i.ST7735_PlotPoints) refers to st7735.o(.data) for Ymin
    st7735.o(i.ST7735_PlotdBfs) refers to st7735.o(i.ST7735_DrawFastVLine) for ST7735_DrawFastVLine
    st7735.o(i.ST7735_PlotdBfs) refers to st7735.o(.constdata) for dBfs
    st7735.o(i.ST7735_PlotdBfs) refers to st7735.o(.data) for X
    st7735.o(i.ST7735_SetCursor) refers to st7735.o(.data) for StX
    st7735.o(i.ST7735_SetRotation) refers to lcd.o(.text) for writecommand
    st7735.o(i.ST7735_SetRotation) refers to st7735.o(.data) for Rotation
    st7735.o(i.ST7735_SetTextColor) refers to st7735.o(.data) for StTextColor
    st7735.o(i.commandList) refers to lcd.o(.text) for writecommand
    st7735.o(i.commandList) refers to st7735.o(i.Delay1ms) for Delay1ms
    st7735.o(i.commonInit) refers to st7735.o(i.Delay1ms) for Delay1ms
    st7735.o(i.commonInit) refers to st7735.o(i.commandList) for commandList
    st7735.o(i.commonInit) refers to st7735.o(.data) for RowStart
    st7735.o(i.fillmessage) refers to st7735.o(.bss) for Message
    st7735.o(i.fillmessage) refers to st7735.o(.data) for Messageindex
    st7735.o(i.fputc) refers to st7735.o(i.ST7735_OutChar) for ST7735_OutChar
    st7735.o(i.pushColor) refers to lcd.o(.text) for writedata
    st7735.o(i.setAddrWindow) refers to lcd.o(.text) for writecommand
    st7735.o(i.setAddrWindow) refers to st7735.o(.data) for ColStart
    texas.o(.text) refers to texas.o(.bss) for TExaS
    texas.o(.text) refers to texas.o(.constdata) for IntroMsg
    texas.o(.text) refers to texas.o(.data) for LastMode
    __main.o(!!!main) refers to rtentry.o(.ARM.Collect$$rtentry$$00000000) for __rt_entry
    rtentry.o(.ARM.Collect$$rtentry$$00000000) refers (Special) to rtentry2.o(.ARM.Collect$$rtentry$$0000000A) for __rt_entry_li
    rtentry.o(.ARM.Collect$$rtentry$$00000000) refers (Special) to rtentry2.o(.ARM.Collect$$rtentry$$0000000D) for __rt_entry_main
    rtentry.o(.ARM.Collect$$rtentry$$00000000) refers (Special) to rtentry2.o(.ARM.Collect$$rtentry$$0000000C) for __rt_entry_postli_1
    rtentry.o(.ARM.Collect$$rtentry$$00000000) refers (Special) to rtentry2.o(.ARM.Collect$$rtentry$$00000009) for __rt_entry_postsh_1
    rtentry.o(.ARM.Collect$$rtentry$$00000000) refers (Special) to rtentry2.o(.ARM.Collect$$rtentry$$00000002) for __rt_entry_presh_1
    rtentry.o(.ARM.Collect$$rtentry$$00000000) refers (Special) to rtentry4.o(.ARM.Collect$$rtentry$$00000004) for __rt_entry_sh
    rtentry2.o(.ARM.Collect$$rtentry$$00000008) refers to boardinit2.o(.text) for _platform_post_stackheap_init
    rtentry2.o(.ARM.Collect$$rtentry$$0000000A) refers to libinit.o(.ARM.Collect$$libinit$$00000000) for __rt_lib_init
    rtentry2.o(.ARM.Collect$$rtentry$$0000000B) refers to boardinit3.o(.text) for _platform_post_lib_init
    rtentry2.o(.ARM.Collect$$rtentry$$0000000D) refers to spaceinvaders.o(i.main) for main
    rtentry2.o(.ARM.Collect$$rtentry$$0000000D) refers to exit.o(.text) for exit
    rtentry2.o(.ARM.exidx) refers to rtentry2.o(.ARM.Collect$$rtentry$$00000001) for .ARM.Collect$$rtentry$$00000001
    rtentry2.o(.ARM.exidx) refers to rtentry2.o(.ARM.Collect$$rtentry$$00000008) for .ARM.Collect$$rtentry$$00000008
    rtentry2.o(.ARM.exidx) refers to rtentry2.o(.ARM.Collect$$rtentry$$0000000A) for .ARM.Collect$$rtentry$$0000000A
    rtentry2.o(.ARM.exidx) refers to rtentry2.o(.ARM.Collect$$rtentry$$0000000B) for .ARM.Collect$$rtentry$$0000000B
    rtentry2.o(.ARM.exidx) refers to rtentry2.o(.ARM.Collect$$rtentry$$0000000D) for .ARM.Collect$$rtentry$$0000000D
    rtentry4.o(.ARM.Collect$$rtentry$$00000004) refers to sys_stackheap_outer.o(.text) for __user_setup_stackheap
    rtentry4.o(.ARM.exidx) refers to rtentry4.o(.ARM.Collect$$rtentry$$00000004) for .ARM.Collect$$rtentry$$00000004
    sys_stackheap_outer.o(.text) refers to libspace.o(.text) for __user_perproc_libspace
    sys_stackheap_outer.o(.text) refers to startup.o(.text) for __user_initial_stackheap
    exit.o(.text) refers to rtexit.o(.ARM.Collect$$rtexit$$00000000) for __rt_exit
    libinit.o(.ARM.Collect$$libinit$$00000000) refers (Special) to libinit2.o(.ARM.Collect$$libinit$$0000002C) for __rt_lib_init_alloca_1
    libinit.o(.ARM.Collect$$libinit$$00000000) refers (Special) to libinit2.o(.ARM.Collect$$libinit$$0000002A) for __rt_lib_init_argv_1
    libinit.o(.ARM.Collect$$libinit$$00000000) refers (Special) to libinit2.o(.ARM.Collect$$libinit$$00000019) for __rt_lib_init_atexit_1
    libinit.o(.ARM.Collect$$libinit$$00000000) refers (Special) to libinit2.o(.ARM.Collect$$libinit$$0000001F) for __rt_lib_init_clock_1
    libinit.o(.ARM.Collect$$libinit$$00000000) refers (Special) to libinit2.o(.ARM.Collect$$libinit$$00000030) for __rt_lib_init_cpp_1
    libinit.o(.ARM.Collect$$libinit$$00000000) refers (Special) to libinit2.o(.ARM.Collect$$libinit$$0000002E) for __rt_lib_init_exceptions_1
    libinit.o(.ARM.Collect$$libinit$$00000000) refers (Special) to libinit2.o(.ARM.Collect$$libinit$$00000002) for __rt_lib_init_fp_1
    libinit.o(.ARM.Collect$$libinit$$00000000) refers (Special) to libinit2.o(.ARM.Collect$$libinit$$0000001D) for __rt_lib_init_fp_trap_1
    libinit.o(.ARM.Collect$$libinit$$00000000) refers (Special) to libinit2.o(.ARM.Collect$$libinit$$00000021) for __rt_lib_init_getenv_1
    libinit.o(.ARM.Collect$$libinit$$00000000) refers (Special) to libinit2.o(.ARM.Collect$$libinit$$00000008) for __rt_lib_init_heap_1
    libinit.o(.ARM.Collect$$libinit$$00000000) refers (Special) to libinit2.o(.ARM.Collect$$libinit$$0000000F) for __rt_lib_init_lc_collate_1
    libinit.o(.ARM.Collect$$libinit$$00000000) refers (Special) to libinit2.o(.ARM.Collect$$libinit$$00000011) for __rt_lib_init_lc_ctype_1
    libinit.o(.ARM.Collect$$libinit$$00000000) refers (Special) to libinit2.o(.ARM.Collect$$libinit$$00000013) for __rt_lib_init_lc_monetary_1
    libinit.o(.ARM.Collect$$libinit$$00000000) refers (Special) to libinit2.o(.ARM.Collect$$libinit$$00000015) for __rt_lib_init_lc_numeric_1
    libinit.o(.ARM.Collect$$libinit$$00000000) refers (Special) to libinit2.o(.ARM.Collect$$libinit$$00000017) for __rt_lib_init_lc_time_1
    libinit.o(.ARM.Collect$$libinit$$00000000) refers (Special) to libinit2.o(.ARM.Collect$$libinit$$0000000C) for __rt_lib_init_rand_1
    libinit.o(.ARM.Collect$$libinit$$00000000) refers (Special) to libinit2.o(.ARM.Collect$$libinit$$00000031) for __rt_lib_init_return
    libinit.o(.ARM.Collect$$libinit$$00000000) refers (Special) to libinit2.o(.ARM.Collect$$libinit$$0000001B) for __rt_lib_init_signal_1
    libinit.o(.ARM.Collect$$libinit$$00000000) refers (Special) to libinit2.o(.ARM.Collect$$libinit$$00000023) for __rt_lib_init_stdio_1
    libinit.o(.ARM.Collect$$libinit$$00000000) refers (Special) to libinit2.o(.ARM.Collect$$libinit$$0000000A) for __rt_lib_init_user_alloc_1
    libspace.o(.text) refers to libspace.o(.bss) for __libspace_start
    rtexit.o(.ARM.Collect$$rtexit$$00000000) refers (Special) to rtexit2.o(.ARM.Collect$$rtexit$$00000004) for __rt_exit_exit
    rtexit.o(.ARM.Collect$$rtexit$$00000000) refers (Special) to rtexit2.o(.ARM.Collect$$rtexit$$00000003) for __rt_exit_ls
    rtexit.o(.ARM.Collect$$rtexit$$00000000) refers (Special) to rtexit2.o(.ARM.Collect$$rtexit$$00000002) for __rt_exit_prels_1
    rtexit.o(.ARM.exidx) refers (Special) to rtexit2.o(.ARM.Collect$$rtexit$$00000004) for __rt_exit_exit
    rtexit.o(.ARM.exidx) refers (Special) to rtexit2.o(.ARM.Collect$$rtexit$$00000003) for __rt_exit_ls
    rtexit.o(.ARM.exidx) refers (Special) to rtexit2.o(.ARM.Collect$$rtexit$$00000002) for __rt_exit_prels_1
    rtexit.o(.ARM.exidx) refers to rtexit.o(.ARM.Collect$$rtexit$$00000000) for .ARM.Collect$$rtexit$$00000000
    libinit2.o(.ARM.Collect$$libinit$$0000000E) refers to libinit2.o(.ARM.Collect$$libinit$$0000000D) for .ARM.Collect$$libinit$$0000000D
    libinit2.o(.ARM.Collect$$libinit$$00000010) refers to libinit2.o(.ARM.Collect$$libinit$$0000000D) for .ARM.Collect$$libinit$$0000000D
    libinit2.o(.ARM.Collect$$libinit$$00000012) refers to libinit2.o(.ARM.Collect$$libinit$$0000000D) for .ARM.Collect$$libinit$$0000000D
    libinit2.o(.ARM.Collect$$libinit$$00000014) refers to libinit2.o(.ARM.Collect$$libinit$$0000000D) for .ARM.Collect$$libinit$$0000000D
    libinit2.o(.ARM.Collect$$libinit$$00000016) refers to libinit2.o(.ARM.Collect$$libinit$$0000000D) for .ARM.Collect$$libinit$$0000000D
    libinit2.o(.ARM.Collect$$libinit$$00000024) refers to argv_veneer.o(.emb_text) for __ARM_argv_veneer
    libinit2.o(.ARM.Collect$$libinit$$00000025) refers to argv_veneer.o(.emb_text) for __ARM_argv_veneer
    rtexit2.o(.ARM.Collect$$rtexit$$00000003) refers to libshutdown.o(.ARM.Collect$$libshutdown$$00000000) for __rt_lib_shutdown
    rtexit2.o(.ARM.Collect$$rtexit$$00000004) refers to sys_exit.o(.text) for _sys_exit
    rtexit2.o(.ARM.exidx) refers to rtexit2.o(.ARM.Collect$$rtexit$$00000001) for .ARM.Collect$$rtexit$$00000001
    rtexit2.o(.ARM.exidx) refers to rtexit2.o(.ARM.Collect$$rtexit$$00000003) for .ARM.Collect$$rtexit$$00000003
    rtexit2.o(.ARM.exidx) refers to rtexit2.o(.ARM.Collect$$rtexit$$00000004) for .ARM.Collect$$rtexit$$00000004
    argv_veneer.o(.emb_text) refers to no_argv.o(.text) for __ARM_get_argv
    sys_exit.o(.text) refers (Special) to use_no_semi.o(.text) for __I$use$semihosting
    sys_exit.o(.text) refers (Special) to indicate_semi.o(.text) for __semihosting_library_function
    _get_argv_nomalloc.o(.text) refers (Special) to hrguard.o(.text) for __heap_region$guard
    _get_argv_nomalloc.o(.text) refers to defsig_rtmem_outer.o(.text) for __rt_SIGRTMEM
    _get_argv_nomalloc.o(.text) refers to sys_command.o(.text) for _sys_command_string
    libshutdown.o(.ARM.Collect$$libshutdown$$00000000) refers (Special) to libshutdown2.o(.ARM.Collect$$libshutdown$$00000006) for __rt_lib_shutdown_fp_trap_1
    libshutdown.o(.ARM.Collect$$libshutdown$$00000000) refers (Special) to libshutdown2.o(.ARM.Collect$$libshutdown$$0000000E) for __rt_lib_shutdown_heap_1
    libshutdown.o(.ARM.Collect$$libshutdown$$00000000) refers (Special) to libshutdown2.o(.ARM.Collect$$libshutdown$$0000000F) for __rt_lib_shutdown_return
    libshutdown.o(.ARM.Collect$$libshutdown$$00000000) refers (Special) to libshutdown2.o(.ARM.Collect$$libshutdown$$00000009) for __rt_lib_shutdown_signal_1
    libshutdown.o(.ARM.Collect$$libshutdown$$00000000) refers (Special) to libshutdown2.o(.ARM.Collect$$libshutdown$$00000003) for __rt_lib_shutdown_stdio_1
    libshutdown.o(.ARM.Collect$$libshutdown$$00000000) refers (Special) to libshutdown2.o(.ARM.Collect$$libshutdown$$0000000B) for __rt_lib_shutdown_user_alloc_1
    sys_command.o(.text) refers (Special) to use_no_semi.o(.text) for __I$use$semihosting
    sys_command.o(.text) refers (Special) to indicate_semi.o(.text) for __semihosting_library_function
    defsig_rtmem_outer.o(.text) refers to defsig_rtmem_inner.o(.text) for __rt_SIGRTMEM_inner
    defsig_rtmem_outer.o(.text) refers to defsig_exit.o(.text) for __sig_exit
    defsig_rtmem_formal.o(.text) refers to rt_raise.o(.text) for __rt_raise
    rt_raise.o(.text) refers to __raise.o(.text) for __raise
    rt_raise.o(.text) refers to sys_exit.o(.text) for _sys_exit
    defsig_exit.o(.text) refers to sys_exit.o(.text) for _sys_exit
    defsig_rtmem_inner.o(.text) refers to defsig_general.o(.text) for __default_signal_display
    __raise.o(.text) refers to defsig.o(CL$$defsig) for __default_signal_handler
    defsig_general.o(.text) refers to sys_wrch.o(.text) for _ttywrch
    sys_wrch.o(.text) refers (Special) to use_no_semi.o(.text) for __I$use$semihosting
    sys_wrch.o(.text) refers (Special) to indicate_semi.o(.text) for __semihosting_library_function
    defsig.o(CL$$defsig) refers to defsig_rtmem_inner.o(.text) for __rt_SIGRTMEM_inner
    defsig_abrt_inner.o(.text) refers to defsig_general.o(.text) for __default_signal_display
    defsig_fpe_inner.o(.text) refers to defsig_general.o(.text) for __default_signal_display
    defsig_rtred_inner.o(.text) refers to defsig_general.o(.text) for __default_signal_display
    defsig_stak_inner.o(.text) refers to defsig_general.o(.text) for __default_signal_display
    defsig_pvfn_inner.o(.text) refers to defsig_general.o(.text) for __default_signal_display
    defsig_cppl_inner.o(.text) refers to defsig_general.o(.text) for __default_signal_display
    defsig_segv_inner.o(.text) refers to defsig_general.o(.text) for __default_signal_display
    defsig_other.o(.text) refers to defsig_general.o(.text) for __default_signal_display


==============================================================================

Removing Unused input sections from the image.

    Removing random.o(DATA), (4 bytes).
    Removing random.o(.text), (64 bytes).
    Removing timer0.o(i.Timer0_Init), (96 bytes).
    Removing timer1.o(i.Timer1_Init), (96 bytes).
    Removing print.o(.text), (208 bytes).
    Removing st7735.o(i.Output_Clear), (10 bytes).
    Removing st7735.o(i.Output_Color), (12 bytes).
    Removing st7735.o(i.Output_Init), (16 bytes).
    Removing st7735.o(i.Output_Off), (8 bytes).
    Removing st7735.o(i.Output_On), (8 bytes).
    Removing st7735.o(i.ST7735_Color565), (24 bytes).
    Removing st7735.o(i.ST7735_DrawChar), (268 bytes).
    Removing st7735.o(i.ST7735_DrawCharS), (244 bytes).
    Removing st7735.o(i.ST7735_DrawFastHLine), (124 bytes).
    Removing st7735.o(i.ST7735_DrawFastVLine), (124 bytes).
    Removing st7735.o(i.ST7735_DrawString), (86 bytes).
    Removing st7735.o(i.ST7735_InitB), (40 bytes).
    Removing st7735.o(i.ST7735_InvertDisplay), (22 bytes).
    Removing st7735.o(i.ST7735_OutChar), (212 bytes).
    Removing st7735.o(i.ST7735_OutString), (24 bytes).
    Removing st7735.o(i.ST7735_OutUDec), (140 bytes).
    Removing st7735.o(i.ST7735_PlotBar), (88 bytes).
    Removing st7735.o(i.ST7735_PlotClear), (92 bytes).
    Removing st7735.o(i.ST7735_PlotLine), (264 bytes).
    Removing st7735.o(i.ST7735_PlotNext), (32 bytes).
    Removing st7735.o(i.ST7735_PlotNextErase), (64 bytes).
    Removing st7735.o(i.ST7735_PlotPoint), (152 bytes).
    Removing st7735.o(i.ST7735_PlotPoints), (172 bytes).
    Removing st7735.o(i.ST7735_PlotdBfs), (60 bytes).
    Removing st7735.o(i.ST7735_SetRotation), (212 bytes).
    Removing st7735.o(i.ST7735_SetTextColor), (12 bytes).
    Removing st7735.o(i.ST7735_SwapColor), (18 bytes).
    Removing st7735.o(i.ferror), (8 bytes).
    Removing st7735.o(i.fgetc), (6 bytes).
    Removing st7735.o(i.fillmessage), (72 bytes).
    Removing st7735.o(i.fputc), (16 bytes).
    Removing st7735.o(.bss), (12 bytes).

37 unused section(s) (total 3110 bytes) removed from the image.

==============================================================================

Image Symbol Table

    Local Symbols

    Symbol Name                              Value     Ov Type        Size  Object(Section)

    RESET                                    0x00000000   Section      644  startup.o(RESET)
    ../clib/angel/boardlib.s                 0x00000000   Number         0  boardinit3.o ABSOLUTE
    ../clib/angel/boardlib.s                 0x00000000   Number         0  boardshut.o ABSOLUTE
    ../clib/angel/boardlib.s                 0x00000000   Number         0  boardinit1.o ABSOLUTE
    ../clib/angel/boardlib.s                 0x00000000   Number         0  boardinit2.o ABSOLUTE
    ../clib/angel/dczerorl2.s                0x00000000   Number         0  __dczerorl2.o ABSOLUTE
    ../clib/angel/handlers.s                 0x00000000   Number         0  __scatter_zi.o ABSOLUTE
    ../clib/angel/kernel.s                   0x00000000   Number         0  rtexit.o ABSOLUTE
    ../clib/angel/kernel.s                   0x00000000   Number         0  rtentry.o ABSOLUTE
    ../clib/angel/kernel.s                   0x00000000   Number         0  rtentry2.o ABSOLUTE
    ../clib/angel/kernel.s                   0x00000000   Number         0  rtexit2.o ABSOLUTE
    ../clib/angel/kernel.s                   0x00000000   Number         0  rtentry4.o ABSOLUTE
    ../clib/angel/rt.s                       0x00000000   Number         0  rt_raise.o ABSOLUTE
    ../clib/angel/scatter.s                  0x00000000   Number         0  __scatter.o ABSOLUTE
    ../clib/angel/startup.s                  0x00000000   Number         0  __main.o ABSOLUTE
    ../clib/angel/sys.s                      0x00000000   Number         0  use_no_semi.o ABSOLUTE
    ../clib/angel/sys.s                      0x00000000   Number         0  libspace.o ABSOLUTE
    ../clib/angel/sys.s                      0x00000000   Number         0  sys_stackheap_outer.o ABSOLUTE
    ../clib/angel/sys.s                      0x00000000   Number         0  indicate_semi.o ABSOLUTE
    ../clib/angel/sysapp.c                   0x00000000   Number         0  sys_command.o ABSOLUTE
    ../clib/angel/sysapp.c                   0x00000000   Number         0  sys_wrch.o ABSOLUTE
    ../clib/angel/sysapp.c                   0x00000000   Number         0  sys_exit.o ABSOLUTE
    ../clib/armsys.c                         0x00000000   Number         0  no_argv.o ABSOLUTE
    ../clib/armsys.c                         0x00000000   Number         0  _get_argv_nomalloc.o ABSOLUTE
    ../clib/armsys.c                         0x00000000   Number         0  argv_veneer.o ABSOLUTE
    ../clib/armsys.c                         0x00000000   Number         0  argv_veneer.o ABSOLUTE
    ../clib/heapalloc.c                      0x00000000   Number         0  hrguard.o ABSOLUTE
    ../clib/heapaux.c                        0x00000000   Number         0  heapauxi.o ABSOLUTE
    ../clib/libinit.s                        0x00000000   Number         0  libinit.o ABSOLUTE
    ../clib/libinit.s                        0x00000000   Number         0  libshutdown.o ABSOLUTE
    ../clib/libinit.s                        0x00000000   Number         0  libshutdown2.o ABSOLUTE
    ../clib/libinit.s                        0x00000000   Number         0  libinit2.o ABSOLUTE
    ../clib/signal.c                         0x00000000   Number         0  defsig_abrt_inner.o ABSOLUTE
    ../clib/signal.c                         0x00000000   Number         0  defsig_general.o ABSOLUTE
    ../clib/signal.c                         0x00000000   Number         0  defsig_fpe_inner.o ABSOLUTE
    ../clib/signal.c                         0x00000000   Number         0  __raise.o ABSOLUTE
    ../clib/signal.c                         0x00000000   Number         0  defsig_rtmem_inner.o ABSOLUTE
    ../clib/signal.c                         0x00000000   Number         0  defsig_exit.o ABSOLUTE
    ../clib/signal.c                         0x00000000   Number         0  defsig_pvfn_inner.o ABSOLUTE
    ../clib/signal.c                         0x00000000   Number         0  defsig_other.o ABSOLUTE
    ../clib/signal.c                         0x00000000   Number         0  defsig_segv_inner.o ABSOLUTE
    ../clib/signal.c                         0x00000000   Number         0  defsig_rtmem_formal.o ABSOLUTE
    ../clib/signal.c                         0x00000000   Number         0  defsig_cppl_inner.o ABSOLUTE
    ../clib/signal.c                         0x00000000   Number         0  defsig_rtmem_outer.o ABSOLUTE
    ../clib/signal.c                         0x00000000   Number         0  defsig_stak_inner.o ABSOLUTE
    ../clib/signal.c                         0x00000000   Number         0  defsig_rtred_inner.o ABSOLUTE
    ../clib/signal.s                         0x00000000   Number         0  defsig.o ABSOLUTE
    ../clib/stdlib.c                         0x00000000   Number         0  exit.o ABSOLUTE
    ../fplib/fpinit.s                        0x00000000   Number         0  fpinit.o ABSOLUTE
    ADC.c                                    0x00000000   Number         0  adc.o ABSOLUTE
    DAC.c                                    0x00000000   Number         0  dac.o ABSOLUTE
    LCD.s                                    0x00000000   Number         0  lcd.o ABSOLUTE
    Print.s                                  0x00000000   Number         0  print.o ABSOLUTE
    ST7735.c                                 0x00000000   Number         0  st7735.o ABSOLUTE
    Sound.c                                  0x00000000   Number         0  sound.o ABSOLUTE
    SpaceInvaders.c                          0x00000000   Number         0  spaceinvaders.o ABSOLUTE
    TExaS.c                                  0x00000000   Number         0  texas.o ABSOLUTE
    Timer0.c                                 0x00000000   Number         0  timer0.o ABSOLUTE
    Timer1.c                                 0x00000000   Number         0  timer1.o ABSOLUTE
    dc.s                                     0x00000000   Number         0  dc.o ABSOLUTE
    random.s                                 0x00000000   Number         0  random.o ABSOLUTE
    startup.s                                0x00000000   Number         0  startup.o ABSOLUTE
    !!!main                                  0x00000284   Section        8  __main.o(!!!main)
    !!!scatter                               0x0000028c   Section       52  __scatter.o(!!!scatter)
    !!dczerorl2                              0x000002c0   Section       90  __dczerorl2.o(!!dczerorl2)
    !!handler_zi                             0x0000031c   Section       28  __scatter_zi.o(!!handler_zi)
    .ARM.Collect$$libinit$$00000000          0x00000338   Section        2  libinit.o(.ARM.Collect$$libinit$$00000000)
    .ARM.Collect$$libinit$$00000002          0x0000033a   Section        0  libinit2.o(.ARM.Collect$$libinit$$00000002)
    .ARM.Collect$$libinit$$00000008          0x0000033a   Section        0  libinit2.o(.ARM.Collect$$libinit$$00000008)
    .ARM.Collect$$libinit$$0000000A          0x0000033a   Section        0  libinit2.o(.ARM.Collect$$libinit$$0000000A)
    .ARM.Collect$$libinit$$0000000C          0x0000033a   Section        0  libinit2.o(.ARM.Collect$$libinit$$0000000C)
    .ARM.Collect$$libinit$$0000000F          0x0000033a   Section        0  libinit2.o(.ARM.Collect$$libinit$$0000000F)
    .ARM.Collect$$libinit$$00000011          0x0000033a   Section        0  libinit2.o(.ARM.Collect$$libinit$$00000011)
    .ARM.Collect$$libinit$$00000013          0x0000033a   Section        0  libinit2.o(.ARM.Collect$$libinit$$00000013)
    .ARM.Collect$$libinit$$00000015          0x0000033a   Section        0  libinit2.o(.ARM.Collect$$libinit$$00000015)
    .ARM.Collect$$libinit$$00000017          0x0000033a   Section        0  libinit2.o(.ARM.Collect$$libinit$$00000017)
    .ARM.Collect$$libinit$$00000019          0x0000033a   Section        0  libinit2.o(.ARM.Collect$$libinit$$00000019)
    .ARM.Collect$$libinit$$0000001B          0x0000033a   Section        0  libinit2.o(.ARM.Collect$$libinit$$0000001B)
    .ARM.Collect$$libinit$$0000001D          0x0000033a   Section        0  libinit2.o(.ARM.Collect$$libinit$$0000001D)
    .ARM.Collect$$libinit$$0000001F          0x0000033a   Section        0  libinit2.o(.ARM.Collect$$libinit$$0000001F)
    .ARM.Collect$$libinit$$00000021          0x0000033a   Section        0  libinit2.o(.ARM.Collect$$libinit$$00000021)
    .ARM.Collect$$libinit$$00000023          0x0000033a   Section        0  libinit2.o(.ARM.Collect$$libinit$$00000023)
    .ARM.Collect$$libinit$$0000002A          0x0000033a   Section        0  libinit2.o(.ARM.Collect$$libinit$$0000002A)
    .ARM.Collect$$libinit$$0000002C          0x0000033a   Section        0  libinit2.o(.ARM.Collect$$libinit$$0000002C)
    .ARM.Collect$$libinit$$0000002E          0x0000033a   Section        0  libinit2.o(.ARM.Collect$$libinit$$0000002E)
    .ARM.Collect$$libinit$$00000030          0x0000033a   Section        0  libinit2.o(.ARM.Collect$$libinit$$00000030)
    .ARM.Collect$$libinit$$00000031          0x0000033a   Section        2  libinit2.o(.ARM.Collect$$libinit$$00000031)
    .ARM.Collect$$libshutdown$$00000000      0x0000033c   Section        2  libshutdown.o(.ARM.Collect$$libshutdown$$00000000)
    .ARM.Collect$$libshutdown$$00000003      0x0000033e   Section        0  libshutdown2.o(.ARM.Collect$$libshutdown$$00000003)
    .ARM.Collect$$libshutdown$$00000006      0x0000033e   Section        0  libshutdown2.o(.ARM.Collect$$libshutdown$$00000006)
    .ARM.Collect$$libshutdown$$00000009      0x0000033e   Section        0  libshutdown2.o(.ARM.Collect$$libshutdown$$00000009)
    .ARM.Collect$$libshutdown$$0000000B      0x0000033e   Section        0  libshutdown2.o(.ARM.Collect$$libshutdown$$0000000B)
    .ARM.Collect$$libshutdown$$0000000E      0x0000033e   Section        0  libshutdown2.o(.ARM.Collect$$libshutdown$$0000000E)
    .ARM.Collect$$libshutdown$$0000000F      0x0000033e   Section        2  libshutdown2.o(.ARM.Collect$$libshutdown$$0000000F)
    .ARM.Collect$$rtentry$$00000000          0x00000340   Section        0  rtentry.o(.ARM.Collect$$rtentry$$00000000)
    .ARM.Collect$$rtentry$$00000002          0x00000340   Section        0  rtentry2.o(.ARM.Collect$$rtentry$$00000002)
    .ARM.Collect$$rtentry$$00000004          0x00000340   Section        6  rtentry4.o(.ARM.Collect$$rtentry$$00000004)
    .ARM.Collect$$rtentry$$00000009          0x00000346   Section        0  rtentry2.o(.ARM.Collect$$rtentry$$00000009)
    .ARM.Collect$$rtentry$$0000000A          0x00000346   Section        4  rtentry2.o(.ARM.Collect$$rtentry$$0000000A)
    .ARM.Collect$$rtentry$$0000000C          0x0000034a   Section        0  rtentry2.o(.ARM.Collect$$rtentry$$0000000C)
    .ARM.Collect$$rtentry$$0000000D          0x0000034a   Section        8  rtentry2.o(.ARM.Collect$$rtentry$$0000000D)
    .ARM.Collect$$rtexit$$00000000           0x00000352   Section        2  rtexit.o(.ARM.Collect$$rtexit$$00000000)
    .ARM.Collect$$rtexit$$00000002           0x00000354   Section        0  rtexit2.o(.ARM.Collect$$rtexit$$00000002)
    .ARM.Collect$$rtexit$$00000003           0x00000354   Section        4  rtexit2.o(.ARM.Collect$$rtexit$$00000003)
    .ARM.Collect$$rtexit$$00000004           0x00000358   Section        6  rtexit2.o(.ARM.Collect$$rtexit$$00000004)
    .text                                    0x00000360   Section       48  startup.o(.text)
    .text                                    0x00000390   Section       88  lcd.o(.text)
    .text                                    0x000003e8   Section        0  texas.o(.text)
    .text                                    0x00000888   Section        0  heapauxi.o(.text)
    .text                                    0x0000088e   Section       74  sys_stackheap_outer.o(.text)
    .text                                    0x000008d8   Section        0  exit.o(.text)
    .text                                    0x000008e4   Section        8  libspace.o(.text)
    .text                                    0x000008ec   Section        0  sys_exit.o(.text)
    .text                                    0x000008f8   Section        2  use_no_semi.o(.text)
    .text                                    0x000008fa   Section        0  indicate_semi.o(.text)
    i.ADC_In                                 0x000008fc   Section        0  adc.o(i.ADC_In)
    i.ADC_Init                               0x00000928   Section        0  adc.o(i.ADC_Init)
    i.Convert                                0x00000a24   Section        0  spaceinvaders.o(i.Convert)
    i.DAC_Init                               0x00000a34   Section        0  dac.o(i.DAC_Init)
    i.DAC_Out                                0x00000a78   Section        0  dac.o(i.DAC_Out)
    i.Delay1ms                               0x00000a84   Section        0  st7735.o(i.Delay1ms)
    i.Delayroutine                           0x00000aa4   Section        0  sound.o(i.Delayroutine)
    i.Explosion_counter                      0x00000ad4   Section        0  sound.o(i.Explosion_counter)
    i.GPIOPortD_Handler                      0x00000b10   Section        0  spaceinvaders.o(i.GPIOPortD_Handler)
    i.PortD_Init                             0x00000b58   Section        0  spaceinvaders.o(i.PortD_Init)
    i.PortF_Init                             0x00000be4   Section        0  spaceinvaders.o(i.PortF_Init)
    i.ST7735_DrawBitmap                      0x00000c5c   Section        0  st7735.o(i.ST7735_DrawBitmap)
    i.ST7735_DrawPixel                       0x00000d7c   Section        0  st7735.o(i.ST7735_DrawPixel)
    i.ST7735_FillRect                        0x00000dc4   Section        0  st7735.o(i.ST7735_FillRect)
    i.ST7735_FillScreen                      0x00000e70   Section        0  st7735.o(i.ST7735_FillScreen)
    i.ST7735_InitR                           0x00000e94   Section        0  st7735.o(i.ST7735_InitR)
    i.ST7735_SetCursor                       0x00000f10   Section        0  st7735.o(i.ST7735_SetCursor)
    i.Shoot_counter                          0x00000f30   Section        0  sound.o(i.Shoot_counter)
    i.Sound_Init                             0x00000f6c   Section        0  sound.o(i.Sound_Init)
    i.Sound_Play                             0x00000fd0   Section        0  sound.o(i.Sound_Play)
    i.StartScreenMusic                       0x00000fe4   Section        0  sound.o(i.StartScreenMusic)
    i.SysTick_Handler                        0x00001040   Section        0  spaceinvaders.o(i.SysTick_Handler)
    i.SysTick_Init                           0x00001130   Section        0  spaceinvaders.o(i.SysTick_Init)
    i.Timer0A_Handler                        0x00001150   Section        0  timer0.o(i.Timer0A_Handler)
    i.Timer1A_Handler                        0x00001168   Section        0  timer1.o(i.Timer1A_Handler)
    i.Timer2A_Handler                        0x00001180   Section        0  sound.o(i.Timer2A_Handler)
    i.commandList                            0x00001250   Section        0  st7735.o(i.commandList)
    commandList                              0x00001251   Thumb Code    86  st7735.o(i.commandList)
    i.commonInit                             0x000012a8   Section        0  st7735.o(i.commonInit)
    commonInit                               0x000012a9   Thumb Code   340  st7735.o(i.commonInit)
    i.delay                                  0x0000142c   Section        0  spaceinvaders.o(i.delay)
    i.endScreen                              0x00001438   Section        0  spaceinvaders.o(i.endScreen)
    i.eraseSprites                           0x000014dc   Section        0  spaceinvaders.o(i.eraseSprites)
    i.explosionCycle                         0x00001660   Section        0  spaceinvaders.o(i.explosionCycle)
    i.explosionconvert                       0x000017ac   Section        0  sound.o(i.explosionconvert)
    i.gameOver                               0x000017d0   Section        0  spaceinvaders.o(i.gameOver)
    i.hitCheck                               0x000017f4   Section        0  spaceinvaders.o(i.hitCheck)
    i.invader_counter                        0x00001940   Section        0  sound.o(i.invader_counter)
    i.invaderconvert                         0x0000197c   Section        0  sound.o(i.invaderconvert)
    i.main                                   0x000019a0   Section        0  spaceinvaders.o(i.main)
    i.newLaser                               0x00001b60   Section        0  spaceinvaders.o(i.newLaser)
    i.outNumber                              0x00001c6c   Section        0  spaceinvaders.o(i.outNumber)
    i.outScore                               0x00001d74   Section        0  spaceinvaders.o(i.outScore)
    i.pushColor                              0x00001e08   Section        0  st7735.o(i.pushColor)
    pushColor                                0x00001e09   Thumb Code    18  st7735.o(i.pushColor)
    i.setAddrWindow                          0x00001e1c   Section        0  st7735.o(i.setAddrWindow)
    setAddrWindow                            0x00001e1d   Thumb Code   106  st7735.o(i.setAddrWindow)
    i.setStartMusic                          0x00001e90   Section        0  sound.o(i.setStartMusic)
    i.setexplosion                           0x00001e9c   Section        0  sound.o(i.setexplosion)
    i.setinvader                             0x00001ed0   Section        0  sound.o(i.setinvader)
    i.setshoot                               0x00001f04   Section        0  sound.o(i.setshoot)
    i.shootconvert                           0x00001f38   Section        0  sound.o(i.shootconvert)
    i.startScreen                            0x00001f5c   Section        0  spaceinvaders.o(i.startScreen)
    .constdata                               0x00001fe4   Section    16091  sound.o(.constdata)
    .constdata                               0x00005ec0   Section    25034  spaceinvaders.o(.constdata)
    .constdata                               0x0000c08a   Section     2018  st7735.o(.constdata)
    Font                                     0x0000c08a   Data        1275  st7735.o(.constdata)
    Bcmd                                     0x0000c585   Data         103  st7735.o(.constdata)
    Rcmd1                                    0x0000c5ec   Data          59  st7735.o(.constdata)
    Rcmd2green                               0x0000c627   Data          13  st7735.o(.constdata)
    Rcmd2red                                 0x0000c634   Data          13  st7735.o(.constdata)
    Rcmd3                                    0x0000c641   Data          43  st7735.o(.constdata)
    .constdata                               0x0000c86c   Section      240  texas.o(.constdata)
    .data                                    0x20000000   Section        4  timer0.o(.data)
    .data                                    0x20000004   Section        4  timer1.o(.data)
    .data                                    0x20000008   Section      180  sound.o(.data)
    .data                                    0x200000bc   Section      206  spaceinvaders.o(.data)
    .data                                    0x2000018c   Section       44  st7735.o(.data)
    _width                                   0x20000196   Data           2  st7735.o(.data)
    _height                                  0x20000198   Data           2  st7735.o(.data)
    ColStart                                 0x200001a0   Data           1  st7735.o(.data)
    RowStart                                 0x200001a1   Data           1  st7735.o(.data)
    Rotation                                 0x200001a2   Data           1  st7735.o(.data)
    TabColor                                 0x200001a3   Data           1  st7735.o(.data)
    .data                                    0x200001b8   Section       48  texas.o(.data)
    .bss                                     0x200001e8   Section      240  spaceinvaders.o(.bss)
    .bss                                     0x200002d8   Section       56  texas.o(.bss)
    .bss                                     0x20000310   Section       96  libspace.o(.bss)
    HEAP                                     0x20000370   Section        0  startup.o(HEAP)
    STACK                                    0x20000370   Section     1024  startup.o(STACK)
    HeapMem                                  0x20000370   Data           0  startup.o(HEAP)
    StackMem                                 0x20000370   Data           0  startup.o(STACK)

    Global Symbols

    Symbol Name                              Value     Ov Type        Size  Object(Section)

    BuildAttributes$$THM_ISAv4$E$P$D$K$B$S$7EM$PE$A:L22UL41UL21$X:L11$S22US41US21$IEEE1$IW$USESV6$~STKCKD$USESV7$~SHL$OSPACE$ROPI$EBA8$UX$STANDARDLIB$REQ8$PRES8$EABIv2 0x00000000   Number         0  anon$$obj.o ABSOLUTE
    __ARM_use_no_argv                        0x00000000   Number         0  spaceinvaders.o ABSOLUTE
    __Vectors                                0x00000000   Data           0  startup.o(RESET)
    __ARM_exceptions_init                     - Undefined Weak Reference
    __alloca_initialize                       - Undefined Weak Reference
    __cpp_initialize__aeabi_                  - Undefined Weak Reference
    __cxa_finalize                            - Undefined Weak Reference
    __rt_locale                               - Undefined Weak Reference
    __sigvec_lookup                           - Undefined Weak Reference
    _atexit_init                              - Undefined Weak Reference
    _call_atexit_fns                          - Undefined Weak Reference
    _clock_init                               - Undefined Weak Reference
    _fp_trap_init                             - Undefined Weak Reference
    _fp_trap_shutdown                         - Undefined Weak Reference
    _get_lc_collate                           - Undefined Weak Reference
    _get_lc_ctype                             - Undefined Weak Reference
    _get_lc_monetary                          - Undefined Weak Reference
    _get_lc_numeric                           - Undefined Weak Reference
    _get_lc_time                              - Undefined Weak Reference
    _getenv_init                              - Undefined Weak Reference
    _handle_redirection                       - Undefined Weak Reference
    _init_alloc                               - Undefined Weak Reference
    _init_user_alloc                          - Undefined Weak Reference
    _initio                                   - Undefined Weak Reference
    _rand_init                                - Undefined Weak Reference
    _signal_finish                            - Undefined Weak Reference
    _signal_init                              - Undefined Weak Reference
    _terminate_alloc                          - Undefined Weak Reference
    _terminate_user_alloc                     - Undefined Weak Reference
    _terminateio                              - Undefined Weak Reference
    Reset_Handler                            0x0000026d   Thumb Code     0  startup.o(RESET)
    NMI_Handler                              0x00000271   Thumb Code     2  startup.o(RESET)
    HardFault_Handler                        0x00000273   Thumb Code     2  startup.o(RESET)
    MemManage_Handler                        0x00000275   Thumb Code     2  startup.o(RESET)
    BusFault_Handler                         0x00000277   Thumb Code     2  startup.o(RESET)
    UsageFault_Handler                       0x00000279   Thumb Code     2  startup.o(RESET)
    SVC_Handler                              0x0000027b   Thumb Code     2  startup.o(RESET)
    DebugMon_Handler                         0x0000027d   Thumb Code     2  startup.o(RESET)
    PendSV_Handler                           0x0000027f   Thumb Code     2  startup.o(RESET)
    ADC0Seq0_Handler                         0x00000283   Thumb Code     0  startup.o(RESET)
    ADC0Seq1_Handler                         0x00000283   Thumb Code     0  startup.o(RESET)
    ADC0Seq2_Handler                         0x00000283   Thumb Code     0  startup.o(RESET)
    ADC0Seq3_Handler                         0x00000283   Thumb Code     0  startup.o(RESET)
    ADC1Seq0_Handler                         0x00000283   Thumb Code     0  startup.o(RESET)
    ADC1Seq1_Handler                         0x00000283   Thumb Code     0  startup.o(RESET)
    ADC1Seq2_Handler                         0x00000283   Thumb Code     0  startup.o(RESET)
    ADC1Seq3_Handler                         0x00000283   Thumb Code     0  startup.o(RESET)
    CAN0_Handler                             0x00000283   Thumb Code     0  startup.o(RESET)
    CAN1_Handler                             0x00000283   Thumb Code     0  startup.o(RESET)
    CAN2_Handler                             0x00000283   Thumb Code     0  startup.o(RESET)
    Comp0_Handler                            0x00000283   Thumb Code     0  startup.o(RESET)
    Comp1_Handler                            0x00000283   Thumb Code     0  startup.o(RESET)
    Comp2_Handler                            0x00000283   Thumb Code     0  startup.o(RESET)
    Ethernet_Handler                         0x00000283   Thumb Code     0  startup.o(RESET)
    ExtBus_Handler                           0x00000283   Thumb Code     0  startup.o(RESET)
    FPU_Handler                              0x00000283   Thumb Code     0  startup.o(RESET)
    Fan0_Handler                             0x00000283   Thumb Code     0  startup.o(RESET)
    FlashCtl_Handler                         0x00000283   Thumb Code     0  startup.o(RESET)
    GPIOPortA_Handler                        0x00000283   Thumb Code     0  startup.o(RESET)
    GPIOPortB_Handler                        0x00000283   Thumb Code     0  startup.o(RESET)
    GPIOPortC_Handler                        0x00000283   Thumb Code     0  startup.o(RESET)
    GPIOPortE_Handler                        0x00000283   Thumb Code     0  startup.o(RESET)
    GPIOPortF_Handler                        0x00000283   Thumb Code     0  startup.o(RESET)
    GPIOPortG_Handler                        0x00000283   Thumb Code     0  startup.o(RESET)
    GPIOPortH_Handler                        0x00000283   Thumb Code     0  startup.o(RESET)
    GPIOPortJ_Handler                        0x00000283   Thumb Code     0  startup.o(RESET)
    GPIOPortK_Handler                        0x00000283   Thumb Code     0  startup.o(RESET)
    GPIOPortL_Handler                        0x00000283   Thumb Code     0  startup.o(RESET)
    GPIOPortM_Handler                        0x00000283   Thumb Code     0  startup.o(RESET)
    GPIOPortN_Handler                        0x00000283   Thumb Code     0  startup.o(RESET)
    GPIOPortP1_Handler                       0x00000283   Thumb Code     0  startup.o(RESET)
    GPIOPortP2_Handler                       0x00000283   Thumb Code     0  startup.o(RESET)
    GPIOPortP3_Handler                       0x00000283   Thumb Code     0  startup.o(RESET)
    GPIOPortP4_Handler                       0x00000283   Thumb Code     0  startup.o(RESET)
    GPIOPortP5_Handler                       0x00000283   Thumb Code     0  startup.o(RESET)
    GPIOPortP6_Handler                       0x00000283   Thumb Code     0  startup.o(RESET)
    GPIOPortP7_Handler                       0x00000283   Thumb Code     0  startup.o(RESET)
    GPIOPortP_Handler                        0x00000283   Thumb Code     0  startup.o(RESET)
    GPIOPortQ1_Handler                       0x00000283   Thumb Code     0  startup.o(RESET)
    GPIOPortQ2_Handler                       0x00000283   Thumb Code     0  startup.o(RESET)
    GPIOPortQ3_Handler                       0x00000283   Thumb Code     0  startup.o(RESET)
    GPIOPortQ4_Handler                       0x00000283   Thumb Code     0  startup.o(RESET)
    GPIOPortQ5_Handler                       0x00000283   Thumb Code     0  startup.o(RESET)
    GPIOPortQ6_Handler                       0x00000283   Thumb Code     0  startup.o(RESET)
    GPIOPortQ7_Handler                       0x00000283   Thumb Code     0  startup.o(RESET)
    GPIOPortQ_Handler                        0x00000283   Thumb Code     0  startup.o(RESET)
    GPIOPortR_Handler                        0x00000283   Thumb Code     0  startup.o(RESET)
    GPIOPortS_Handler                        0x00000283   Thumb Code     0  startup.o(RESET)
    Hibernate_Handler                        0x00000283   Thumb Code     0  startup.o(RESET)
    I2C0_Handler                             0x00000283   Thumb Code     0  startup.o(RESET)
    I2C1_Handler                             0x00000283   Thumb Code     0  startup.o(RESET)
    I2C2_Handler                             0x00000283   Thumb Code     0  startup.o(RESET)
    I2C3_Handler                             0x00000283   Thumb Code     0  startup.o(RESET)
    I2C4_Handler                             0x00000283   Thumb Code     0  startup.o(RESET)
    I2C5_Handler                             0x00000283   Thumb Code     0  startup.o(RESET)
    I2S0_Handler                             0x00000283   Thumb Code     0  startup.o(RESET)
    LPC0_Handler                             0x00000283   Thumb Code     0  startup.o(RESET)
    PECI0_Handler                            0x00000283   Thumb Code     0  startup.o(RESET)
    PWM0Fault_Handler                        0x00000283   Thumb Code     0  startup.o(RESET)
    PWM0Generator0_Handler                   0x00000283   Thumb Code     0  startup.o(RESET)
    PWM0Generator1_Handler                   0x00000283   Thumb Code     0  startup.o(RESET)
    PWM0Generator2_Handler                   0x00000283   Thumb Code     0  startup.o(RESET)
    PWM0Generator3_Handler                   0x00000283   Thumb Code     0  startup.o(RESET)
    PWM1Fault_Handler                        0x00000283   Thumb Code     0  startup.o(RESET)
    PWM1Generator0_Handler                   0x00000283   Thumb Code     0  startup.o(RESET)
    PWM1Generator1_Handler                   0x00000283   Thumb Code     0  startup.o(RESET)
    PWM1Generator2_Handler                   0x00000283   Thumb Code     0  startup.o(RESET)
    PWM1Generator3_Handler                   0x00000283   Thumb Code     0  startup.o(RESET)
    Quadrature0_Handler                      0x00000283   Thumb Code     0  startup.o(RESET)
    Quadrature1_Handler                      0x00000283   Thumb Code     0  startup.o(RESET)
    Quadrature2_Handler                      0x00000283   Thumb Code     0  startup.o(RESET)
    SSI0_Handler                             0x00000283   Thumb Code     0  startup.o(RESET)
    SSI1_Handler                             0x00000283   Thumb Code     0  startup.o(RESET)
    SSI2_Handler                             0x00000283   Thumb Code     0  startup.o(RESET)
    SSI3_Handler                             0x00000283   Thumb Code     0  startup.o(RESET)
    SysCtl_Handler                           0x00000283   Thumb Code     0  startup.o(RESET)
    Timer0B_Handler                          0x00000283   Thumb Code     0  startup.o(RESET)
    Timer1B_Handler                          0x00000283   Thumb Code     0  startup.o(RESET)
    Timer2B_Handler                          0x00000283   Thumb Code     0  startup.o(RESET)
    Timer3A_Handler                          0x00000283   Thumb Code     0  startup.o(RESET)
    Timer3B_Handler                          0x00000283   Thumb Code     0  startup.o(RESET)
    Timer4B_Handler                          0x00000283   Thumb Code     0  startup.o(RESET)
    Timer5B_Handler                          0x00000283   Thumb Code     0  startup.o(RESET)
    UART0_Handler                            0x00000283   Thumb Code     0  startup.o(RESET)
    UART1_Handler                            0x00000283   Thumb Code     0  startup.o(RESET)
    UART2_Handler                            0x00000283   Thumb Code     0  startup.o(RESET)
    UART3_Handler                            0x00000283   Thumb Code     0  startup.o(RESET)
    UART4_Handler                            0x00000283   Thumb Code     0  startup.o(RESET)
    UART5_Handler                            0x00000283   Thumb Code     0  startup.o(RESET)
    UART6_Handler                            0x00000283   Thumb Code     0  startup.o(RESET)
    UART7_Handler                            0x00000283   Thumb Code     0  startup.o(RESET)
    USB0_Handler                             0x00000283   Thumb Code     0  startup.o(RESET)
    WDT_Handler                              0x00000283   Thumb Code     0  startup.o(RESET)
    WideTimer0A_Handler                      0x00000283   Thumb Code     0  startup.o(RESET)
    WideTimer0B_Handler                      0x00000283   Thumb Code     0  startup.o(RESET)
    WideTimer1A_Handler                      0x00000283   Thumb Code     0  startup.o(RESET)
    WideTimer1B_Handler                      0x00000283   Thumb Code     0  startup.o(RESET)
    WideTimer2A_Handler                      0x00000283   Thumb Code     0  startup.o(RESET)
    WideTimer2B_Handler                      0x00000283   Thumb Code     0  startup.o(RESET)
    WideTimer3A_Handler                      0x00000283   Thumb Code     0  startup.o(RESET)
    WideTimer3B_Handler                      0x00000283   Thumb Code     0  startup.o(RESET)
    WideTimer4A_Handler                      0x00000283   Thumb Code     0  startup.o(RESET)
    WideTimer4B_Handler                      0x00000283   Thumb Code     0  startup.o(RESET)
    WideTimer5A_Handler                      0x00000283   Thumb Code     0  startup.o(RESET)
    WideTimer5B_Handler                      0x00000283   Thumb Code     0  startup.o(RESET)
    uDMA_Error                               0x00000283   Thumb Code     0  startup.o(RESET)
    uDMA_Handler                             0x00000283   Thumb Code     0  startup.o(RESET)
    __main                                   0x00000285   Thumb Code     8  __main.o(!!!main)
    __scatterload                            0x0000028d   Thumb Code     0  __scatter.o(!!!scatter)
    __scatterload_rt2                        0x0000028d   Thumb Code    44  __scatter.o(!!!scatter)
    __scatterload_rt2_thumb_only             0x0000028d   Thumb Code     0  __scatter.o(!!!scatter)
    __scatterload_null                       0x0000029b   Thumb Code     0  __scatter.o(!!!scatter)
    __decompress                             0x000002c1   Thumb Code    90  __dczerorl2.o(!!dczerorl2)
    __decompress1                            0x000002c1   Thumb Code     0  __dczerorl2.o(!!dczerorl2)
    __scatterload_zeroinit                   0x0000031d   Thumb Code    28  __scatter_zi.o(!!handler_zi)
    __rt_lib_init                            0x00000339   Thumb Code     0  libinit.o(.ARM.Collect$$libinit$$00000000)
    __rt_lib_init_alloca_1                   0x0000033b   Thumb Code     0  libinit2.o(.ARM.Collect$$libinit$$0000002C)
    __rt_lib_init_argv_1                     0x0000033b   Thumb Code     0  libinit2.o(.ARM.Collect$$libinit$$0000002A)
    __rt_lib_init_atexit_1                   0x0000033b   Thumb Code     0  libinit2.o(.ARM.Collect$$libinit$$00000019)
    __rt_lib_init_clock_1                    0x0000033b   Thumb Code     0  libinit2.o(.ARM.Collect$$libinit$$0000001F)
    __rt_lib_init_cpp_1                      0x0000033b   Thumb Code     0  libinit2.o(.ARM.Collect$$libinit$$00000030)
    __rt_lib_init_exceptions_1               0x0000033b   Thumb Code     0  libinit2.o(.ARM.Collect$$libinit$$0000002E)
    __rt_lib_init_fp_1                       0x0000033b   Thumb Code     0  libinit2.o(.ARM.Collect$$libinit$$00000002)
    __rt_lib_init_fp_trap_1                  0x0000033b   Thumb Code     0  libinit2.o(.ARM.Collect$$libinit$$0000001D)
    __rt_lib_init_getenv_1                   0x0000033b   Thumb Code     0  libinit2.o(.ARM.Collect$$libinit$$00000021)
    __rt_lib_init_heap_1                     0x0000033b   Thumb Code     0  libinit2.o(.ARM.Collect$$libinit$$00000008)
    __rt_lib_init_lc_collate_1               0x0000033b   Thumb Code     0  libinit2.o(.ARM.Collect$$libinit$$0000000F)
    __rt_lib_init_lc_ctype_1                 0x0000033b   Thumb Code     0  libinit2.o(.ARM.Collect$$libinit$$00000011)
    __rt_lib_init_lc_monetary_1              0x0000033b   Thumb Code     0  libinit2.o(.ARM.Collect$$libinit$$00000013)
    __rt_lib_init_lc_numeric_1               0x0000033b   Thumb Code     0  libinit2.o(.ARM.Collect$$libinit$$00000015)
    __rt_lib_init_lc_time_1                  0x0000033b   Thumb Code     0  libinit2.o(.ARM.Collect$$libinit$$00000017)
    __rt_lib_init_rand_1                     0x0000033b   Thumb Code     0  libinit2.o(.ARM.Collect$$libinit$$0000000C)
    __rt_lib_init_return                     0x0000033b   Thumb Code     0  libinit2.o(.ARM.Collect$$libinit$$00000031)
    __rt_lib_init_signal_1                   0x0000033b   Thumb Code     0  libinit2.o(.ARM.Collect$$libinit$$0000001B)
    __rt_lib_init_stdio_1                    0x0000033b   Thumb Code     0  libinit2.o(.ARM.Collect$$libinit$$00000023)
    __rt_lib_init_user_alloc_1               0x0000033b   Thumb Code     0  libinit2.o(.ARM.Collect$$libinit$$0000000A)
    __rt_lib_shutdown                        0x0000033d   Thumb Code     0  libshutdown.o(.ARM.Collect$$libshutdown$$00000000)
    __rt_lib_shutdown_fp_trap_1              0x0000033f   Thumb Code     0  libshutdown2.o(.ARM.Collect$$libshutdown$$00000006)
    __rt_lib_shutdown_heap_1                 0x0000033f   Thumb Code     0  libshutdown2.o(.ARM.Collect$$libshutdown$$0000000E)
    __rt_lib_shutdown_return                 0x0000033f   Thumb Code     0  libshutdown2.o(.ARM.Collect$$libshutdown$$0000000F)
    __rt_lib_shutdown_signal_1               0x0000033f   Thumb Code     0  libshutdown2.o(.ARM.Collect$$libshutdown$$00000009)
    __rt_lib_shutdown_stdio_1                0x0000033f   Thumb Code     0  libshutdown2.o(.ARM.Collect$$libshutdown$$00000003)
    __rt_lib_shutdown_user_alloc_1           0x0000033f   Thumb Code     0  libshutdown2.o(.ARM.Collect$$libshutdown$$0000000B)
    __rt_entry                               0x00000341   Thumb Code     0  rtentry.o(.ARM.Collect$$rtentry$$00000000)
    __rt_entry_presh_1                       0x00000341   Thumb Code     0  rtentry2.o(.ARM.Collect$$rtentry$$00000002)
    __rt_entry_sh                            0x00000341   Thumb Code     0  rtentry4.o(.ARM.Collect$$rtentry$$00000004)
    __rt_entry_li                            0x00000347   Thumb Code     0  rtentry2.o(.ARM.Collect$$rtentry$$0000000A)
    __rt_entry_postsh_1                      0x00000347   Thumb Code     0  rtentry2.o(.ARM.Collect$$rtentry$$00000009)
    __rt_entry_main                          0x0000034b   Thumb Code     0  rtentry2.o(.ARM.Collect$$rtentry$$0000000D)
    __rt_entry_postli_1                      0x0000034b   Thumb Code     0  rtentry2.o(.ARM.Collect$$rtentry$$0000000C)
    __rt_exit                                0x00000353   Thumb Code     0  rtexit.o(.ARM.Collect$$rtexit$$00000000)
    __rt_exit_ls                             0x00000355   Thumb Code     0  rtexit2.o(.ARM.Collect$$rtexit$$00000003)
    __rt_exit_prels_1                        0x00000355   Thumb Code     0  rtexit2.o(.ARM.Collect$$rtexit$$00000002)
    __rt_exit_exit                           0x00000359   Thumb Code     0  rtexit2.o(.ARM.Collect$$rtexit$$00000004)
    DisableInterrupts                        0x00000361   Thumb Code     0  startup.o(.text)
    EnableInterrupts                         0x00000365   Thumb Code     0  startup.o(.text)
    StartCritical                            0x00000369   Thumb Code     0  startup.o(.text)
    EndCritical                              0x00000371   Thumb Code     0  startup.o(.text)
    WaitForInterrupt                         0x00000377   Thumb Code     0  startup.o(.text)
    __user_initial_stackheap                 0x0000037b   Thumb Code     0  startup.o(.text)
    writecommand                             0x00000391   Thumb Code     0  lcd.o(.text)
    writedata                                0x000003bd   Thumb Code     0  lcd.o(.text)
    ADC1_Init                                0x000003e9   Thumb Code   170  texas.o(.text)
    SetCode                                  0x00000493   Thumb Code    20  texas.o(.text)
    UART0_Init                               0x000004a7   Thumb Code   162  texas.o(.text)
    SetCourse                                0x00000549   Thumb Code    22  texas.o(.text)
    PLL_Init                                 0x0000055f   Thumb Code   118  texas.o(.text)
    TExaS_Init                               0x000005d5   Thumb Code   282  texas.o(.text)
    StopTimer4                               0x000006ef   Thumb Code    16  texas.o(.text)
    StartTimer4                              0x000006ff   Thumb Code    24  texas.o(.text)
    Timer4A_Handler                          0x00000717   Thumb Code    20  texas.o(.text)
    ADC1_In                                  0x0000072b   Thumb Code     6  texas.o(.text)
    Timer5A_Handler                          0x00000731   Thumb Code    34  texas.o(.text)
    TExaS_Stop                               0x00000753   Thumb Code    18  texas.o(.text)
    copy                                     0x00000765   Thumb Code    16  texas.o(.text)
    SetMode                                  0x00000775   Thumb Code    22  texas.o(.text)
    UART0_InChar                             0x0000078b   Thumb Code    20  texas.o(.text)
    UART0_InCharNonBlocking                  0x0000079f   Thumb Code    22  texas.o(.text)
    UART0_OutChar                            0x000007b5   Thumb Code   200  texas.o(.text)
    UART0_OutCharNonBlock                    0x0000087d   Thumb Code     6  texas.o(.text)
    __use_two_region_memory                  0x00000889   Thumb Code     2  heapauxi.o(.text)
    __rt_heap_escrow$2region                 0x0000088b   Thumb Code     2  heapauxi.o(.text)
    __rt_heap_expand$2region                 0x0000088d   Thumb Code     2  heapauxi.o(.text)
    __user_setup_stackheap                   0x0000088f   Thumb Code    74  sys_stackheap_outer.o(.text)
    exit                                     0x000008d9   Thumb Code    12  exit.o(.text)
    __user_libspace                          0x000008e5   Thumb Code     8  libspace.o(.text)
    __user_perproc_libspace                  0x000008e5   Thumb Code     0  libspace.o(.text)
    __user_perthread_libspace                0x000008e5   Thumb Code     0  libspace.o(.text)
    _sys_exit                                0x000008ed   Thumb Code     8  sys_exit.o(.text)
    __I$use$semihosting                      0x000008f9   Thumb Code     0  use_no_semi.o(.text)
    __use_no_semihosting_swi                 0x000008f9   Thumb Code     2  use_no_semi.o(.text)
    __semihosting_library_function           0x000008fb   Thumb Code     0  indicate_semi.o(.text)
    ADC_In                                   0x000008fd   Thumb Code    36  adc.o(i.ADC_In)
    ADC_Init                                 0x00000929   Thumb Code   222  adc.o(i.ADC_Init)
    Convert                                  0x00000a25   Thumb Code    14  spaceinvaders.o(i.Convert)
    DAC_Init                                 0x00000a35   Thumb Code    56  dac.o(i.DAC_Init)
    DAC_Out                                  0x00000a79   Thumb Code     6  dac.o(i.DAC_Out)
    Delay1ms                                 0x00000a85   Thumb Code    32  st7735.o(i.Delay1ms)
    Delayroutine                             0x00000aa5   Thumb Code    42  sound.o(i.Delayroutine)
    Explosion_counter                        0x00000ad5   Thumb Code    42  sound.o(i.Explosion_counter)
    GPIOPortD_Handler                        0x00000b11   Thumb Code    50  spaceinvaders.o(i.GPIOPortD_Handler)
    PortD_Init                               0x00000b59   Thumb Code   124  spaceinvaders.o(i.PortD_Init)
    PortF_Init                               0x00000be5   Thumb Code   104  spaceinvaders.o(i.PortF_Init)
    ST7735_DrawBitmap                        0x00000c5d   Thumb Code   280  st7735.o(i.ST7735_DrawBitmap)
    ST7735_DrawPixel                         0x00000d7d   Thumb Code    64  st7735.o(i.ST7735_DrawPixel)
    ST7735_FillRect                          0x00000dc5   Thumb Code   164  st7735.o(i.ST7735_FillRect)
    ST7735_FillScreen                        0x00000e71   Thumb Code    28  st7735.o(i.ST7735_FillScreen)
    ST7735_InitR                             0x00000e95   Thumb Code    90  st7735.o(i.ST7735_InitR)
    ST7735_SetCursor                         0x00000f11   Thumb Code    22  st7735.o(i.ST7735_SetCursor)
    Shoot_counter                            0x00000f31   Thumb Code    42  sound.o(i.Shoot_counter)
    Sound_Init                               0x00000f6d   Thumb Code    84  sound.o(i.Sound_Init)
    Sound_Play                               0x00000fd1   Thumb Code    14  sound.o(i.Sound_Play)
    StartScreenMusic                         0x00000fe5   Thumb Code    78  sound.o(i.StartScreenMusic)
    SysTick_Handler                          0x00001041   Thumb Code   204  spaceinvaders.o(i.SysTick_Handler)
    SysTick_Init                             0x00001131   Thumb Code    28  spaceinvaders.o(i.SysTick_Init)
    Timer0A_Handler                          0x00001151   Thumb Code    16  timer0.o(i.Timer0A_Handler)
    Timer1A_Handler                          0x00001169   Thumb Code    16  timer1.o(i.Timer1A_Handler)
    Timer2A_Handler                          0x00001181   Thumb Code   164  sound.o(i.Timer2A_Handler)
    delay                                    0x0000142d   Thumb Code    10  spaceinvaders.o(i.delay)
    endScreen                                0x00001439   Thumb Code   130  spaceinvaders.o(i.endScreen)
    eraseSprites                             0x000014dd   Thumb Code   348  spaceinvaders.o(i.eraseSprites)
    explosionCycle                           0x00001661   Thumb Code   308  spaceinvaders.o(i.explosionCycle)
    explosionconvert                         0x000017ad   Thumb Code    22  sound.o(i.explosionconvert)
    gameOver                                 0x000017d1   Thumb Code    30  spaceinvaders.o(i.gameOver)
    hitCheck                                 0x000017f5   Thumb Code   318  spaceinvaders.o(i.hitCheck)
    invader_counter                          0x00001941   Thumb Code    42  sound.o(i.invader_counter)
    invaderconvert                           0x0000197d   Thumb Code    22  sound.o(i.invaderconvert)
    main                                     0x000019a1   Thumb Code   390  spaceinvaders.o(i.main)
    newLaser                                 0x00001b61   Thumb Code   240  spaceinvaders.o(i.newLaser)
    outNumber                                0x00001c6d   Thumb Code   222  spaceinvaders.o(i.outNumber)
    outScore                                 0x00001d75   Thumb Code   124  spaceinvaders.o(i.outScore)
    setStartMusic                            0x00001e91   Thumb Code     8  sound.o(i.setStartMusic)
    setexplosion                             0x00001e9d   Thumb Code    36  sound.o(i.setexplosion)
    setinvader                               0x00001ed1   Thumb Code    36  sound.o(i.setinvader)
    setshoot                                 0x00001f05   Thumb Code    36  sound.o(i.setshoot)
    shootconvert                             0x00001f39   Thumb Code    22  sound.o(i.shootconvert)
    startScreen                              0x00001f5d   Thumb Code   124  spaceinvaders.o(i.startScreen)
    sinewave                                 0x00001fe4   Data          32  sound.o(.constdata)
    shoot                                    0x00002004   Data        2980  sound.o(.constdata)
    invaderkilled                            0x00002ba8   Data        3277  sound.o(.constdata)
    explosion                                0x00003875   Data        8000  sound.o(.constdata)
    highpitch                                0x000057b5   Data        1802  sound.o(.constdata)
    Ship                                     0x00005ec0   Data         798  spaceinvaders.o(.constdata)
    ShipClear                                0x000061de   Data          42  spaceinvaders.o(.constdata)
    Heart                                    0x00006208   Data         260  spaceinvaders.o(.constdata)
    Laser                                    0x0000630c   Data         130  spaceinvaders.o(.constdata)
    LaserErase                               0x0000638e   Data         130  spaceinvaders.o(.constdata)
    StartScreen                              0x00006410   Data        8436  spaceinvaders.o(.constdata)
    PressToPlay                              0x00008504   Data        2800  spaceinvaders.o(.constdata)
    BugA                                     0x00008ff4   Data         420  spaceinvaders.o(.constdata)
    BugB                                     0x00009198   Data         420  spaceinvaders.o(.constdata)
    BugErase                                 0x0000933c   Data         420  spaceinvaders.o(.constdata)
    ExplosionA                               0x000094e0   Data         312  spaceinvaders.o(.constdata)
    ExplosionB                               0x00009618   Data         512  spaceinvaders.o(.constdata)
    ExplosionC                               0x00009818   Data        1680  spaceinvaders.o(.constdata)
    ExplosionClear                           0x00009ea8   Data        1680  spaceinvaders.o(.constdata)
    ShipExplosionC                           0x0000a538   Data        1568  spaceinvaders.o(.constdata)
    ShipExplosionB                           0x0000ab58   Data        1144  spaceinvaders.o(.constdata)
    ShipExplosionA                           0x0000afd0   Data         722  spaceinvaders.o(.constdata)
    zero                                     0x0000b2a2   Data         126  spaceinvaders.o(.constdata)
    one                                      0x0000b320   Data         126  spaceinvaders.o(.constdata)
    two                                      0x0000b39e   Data         126  spaceinvaders.o(.constdata)
    three                                    0x0000b41c   Data         126  spaceinvaders.o(.constdata)
    four                                     0x0000b49a   Data         126  spaceinvaders.o(.constdata)
    five                                     0x0000b518   Data         126  spaceinvaders.o(.constdata)
    six                                      0x0000b596   Data         126  spaceinvaders.o(.constdata)
    seven                                    0x0000b614   Data         126  spaceinvaders.o(.constdata)
    eight                                    0x0000b692   Data         126  spaceinvaders.o(.constdata)
    nine                                     0x0000b710   Data         126  spaceinvaders.o(.constdata)
    GameOver                                 0x0000b78e   Data        2300  spaceinvaders.o(.constdata)
    dBfs                                     0x0000c66c   Data         512  st7735.o(.constdata)
    InputPortMsg                             0x0000c86c   Data          40  texas.o(.constdata)
    OutputPortMsg                            0x0000c894   Data          40  texas.o(.constdata)
    BlankMsg                                 0x0000c8bc   Data          40  texas.o(.constdata)
    InitializedMsg                           0x0000c8e4   Data          40  texas.o(.constdata)
    IntroMsg                                 0x0000c90c   Data          40  texas.o(.constdata)
    DoneMsg                                  0x0000c934   Data          40  texas.o(.constdata)
    Region$$Table$$Base                      0x0000c95c   Number         0  anon$$obj.o(Region$$Table)
    Region$$Table$$Limit                     0x0000c97c   Number         0  anon$$obj.o(Region$$Table)
    PeriodicTask0                            0x20000000   Data           4  timer0.o(.data)
    PeriodicTask1                            0x20000004   Data           4  timer1.o(.data)
    a                                        0x20000008   Data           4  sound.o(.data)
    b                                        0x2000000c   Data           4  sound.o(.data)
    c                                        0x20000010   Data           4  sound.o(.data)
    k                                        0x20000014   Data           4  sound.o(.data)
    i                                        0x20000018   Data           4  sound.o(.data)
    shot                                     0x2000001c   Data           4  sound.o(.data)
    explode                                  0x20000020   Data           4  sound.o(.data)
    invader                                  0x20000024   Data           4  sound.o(.data)
    input                                    0x20000028   Data           4  sound.o(.data)
    shootflag                                0x2000002c   Data           1  sound.o(.data)
    startmusicflag                           0x2000002d   Data           1  sound.o(.data)
    ExplosionFlag                            0x2000002e   Data           1  sound.o(.data)
    invaderflag                              0x2000002f   Data           1  sound.o(.data)
    Theme                                    0x20000030   Data         136  sound.o(.data)
    soundvalue                               0x200000b8   Data           4  sound.o(.data)
    ADCLast                                  0x200000bc   Data           2  spaceinvaders.o(.data)
    shipFlag                                 0x200000be   Data           2  spaceinvaders.o(.data)
    laserPointer                             0x200000c0   Data           2  spaceinvaders.o(.data)
    laserStart                               0x200000c2   Data           2  spaceinvaders.o(.data)
    laserFlag                                0x200000c4   Data           2  spaceinvaders.o(.data)
    j                                        0x200000c6   Data           2  spaceinvaders.o(.data)
    button0Wait                              0x200000c8   Data           2  spaceinvaders.o(.data)
    button1Wait                              0x200000ca   Data           2  spaceinvaders.o(.data)
    randomPixel                              0x200000cc   Data           2  spaceinvaders.o(.data)
    pauseFlag                                0x200000ce   Data           2  spaceinvaders.o(.data)
    bugFlag                                  0x200000d0   Data           2  spaceinvaders.o(.data)
    explosionFlag                            0x200000d2   Data           2  spaceinvaders.o(.data)
    explosionPt                              0x200000d4   Data           2  spaceinvaders.o(.data)
    explosionDelay                           0x200000d6   Data           2  spaceinvaders.o(.data)
    gameOn                                   0x200000d8   Data           2  spaceinvaders.o(.data)
    XScore                                   0x200000da   Data           2  spaceinvaders.o(.data)
    YScore                                   0x200000dc   Data           2  spaceinvaders.o(.data)
    scoreVariable                            0x200000de   Data           2  spaceinvaders.o(.data)
    BugTrack                                 0x200000e0   Data         144  spaceinvaders.o(.data)
    ADCMail                                  0x20000170   Data           2  spaceinvaders.o(.data)
    laserTrack                               0x20000172   Data           8  spaceinvaders.o(.data)
    laserPt                                  0x2000017a   Data           2  spaceinvaders.o(.data)
    finalADC                                 0x2000017c   Data           2  spaceinvaders.o(.data)
    score                                    0x20000180   Data           4  spaceinvaders.o(.data)
    tempScore                                0x20000184   Data           4  spaceinvaders.o(.data)
    temp                                     0x20000188   Data           2  spaceinvaders.o(.data)
    StX                                      0x2000018c   Data           4  st7735.o(.data)
    StY                                      0x20000190   Data           4  st7735.o(.data)
    StTextColor                              0x20000194   Data           2  st7735.o(.data)
    lastj                                    0x2000019c   Data           4  st7735.o(.data)
    Messageindex                             0x200001a4   Data           4  st7735.o(.data)
    Ymax                                     0x200001a8   Data           4  st7735.o(.data)
    Ymin                                     0x200001ac   Data           4  st7735.o(.data)
    X                                        0x200001b0   Data           4  st7735.o(.data)
    Yrange                                   0x200001b4   Data           4  st7735.o(.data)
    TExaS_Period                             0x200001b8   Data           4  texas.o(.data)
    TExaS_Ports                              0x200001bc   Data           8  texas.o(.data)
    TExaS_Meter                              0x200001c4   Data           4  texas.o(.data)
    ADCnum                                   0x200001c8   Data           4  texas.o(.data)
    LastMode                                 0x200001cc   Data           4  texas.o(.data)
    bFlag                                    0x200001d0   Data           4  texas.o(.data)
    Count                                    0x200001d4   Data           4  texas.o(.data)
    DelayBetweenTests                        0x200001d8   Data           4  texas.o(.data)
    TExaS_Test                               0x200001dc   Data           4  texas.o(.data)
    ScopeMode                                0x200001e0   Data           4  texas.o(.data)
    ScopeCount                               0x200001e4   Data           4  texas.o(.data)
    LaserTrack                               0x200001e8   Data         144  spaceinvaders.o(.bss)
    ExplosionTrack                           0x20000278   Data          96  spaceinvaders.o(.bss)
    TExaS                                    0x200002d8   Data          56  texas.o(.bss)
    __libspace_start                         0x20000310   Data          96  libspace.o(.bss)
    __temporary_stack_top$libspace           0x20000370   Data           0  libspace.o(.bss)



==============================================================================

Memory Map of the image

  Image Entry point : 0x0000026d

  Load Region LR_1 (Base: 0x00000000, Size: 0x0000cb64, Max: 0xffffffff, ABSOLUTE, COMPRESSED[0x0000ca28])

    Execution Region ER_RO (Base: 0x00000000, Size: 0x0000c97c, Max: 0xffffffff, ABSOLUTE)

    Base Addr    Size         Type   Attr      Idx    E Section Name        Object

    0x00000000   0x00000284   Code   RO            3  * RESET               startup.o
    0x00000284   0x00000008   Code   RO          611  * !!!main             c_w.l(__main.o)
    0x0000028c   0x00000034   Code   RO          767    !!!scatter          c_w.l(__scatter.o)
    0x000002c0   0x0000005a   Code   RO          765    !!dczerorl2         c_w.l(__dczerorl2.o)
    0x0000031a   0x00000002   PAD
    0x0000031c   0x0000001c   Code   RO          769    !!handler_zi        c_w.l(__scatter_zi.o)
    0x00000338   0x00000002   Code   RO          638    .ARM.Collect$$libinit$$00000000  c_w.l(libinit.o)
    0x0000033a   0x00000000   Code   RO          645    .ARM.Collect$$libinit$$00000002  c_w.l(libinit2.o)
    0x0000033a   0x00000000   Code   RO          648    .ARM.Collect$$libinit$$00000008  c_w.l(libinit2.o)
    0x0000033a   0x00000000   Code   RO          650    .ARM.Collect$$libinit$$0000000A  c_w.l(libinit2.o)
    0x0000033a   0x00000000   Code   RO          652    .ARM.Collect$$libinit$$0000000C  c_w.l(libinit2.o)
    0x0000033a   0x00000000   Code   RO          655    .ARM.Collect$$libinit$$0000000F  c_w.l(libinit2.o)
    0x0000033a   0x00000000   Code   RO          657    .ARM.Collect$$libinit$$00000011  c_w.l(libinit2.o)
    0x0000033a   0x00000000   Code   RO          659    .ARM.Collect$$libinit$$00000013  c_w.l(libinit2.o)
    0x0000033a   0x00000000   Code   RO          661    .ARM.Collect$$libinit$$00000015  c_w.l(libinit2.o)
    0x0000033a   0x00000000   Code   RO          663    .ARM.Collect$$libinit$$00000017  c_w.l(libinit2.o)
    0x0000033a   0x00000000   Code   RO          665    .ARM.Collect$$libinit$$00000019  c_w.l(libinit2.o)
    0x0000033a   0x00000000   Code   RO          667    .ARM.Collect$$libinit$$0000001B  c_w.l(libinit2.o)
    0x0000033a   0x00000000   Code   RO          669    .ARM.Collect$$libinit$$0000001D  c_w.l(libinit2.o)
    0x0000033a   0x00000000   Code   RO          671    .ARM.Collect$$libinit$$0000001F  c_w.l(libinit2.o)
    0x0000033a   0x00000000   Code   RO          673    .ARM.Collect$$libinit$$00000021  c_w.l(libinit2.o)
    0x0000033a   0x00000000   Code   RO          675    .ARM.Collect$$libinit$$00000023  c_w.l(libinit2.o)
    0x0000033a   0x00000000   Code   RO          679    .ARM.Collect$$libinit$$0000002A  c_w.l(libinit2.o)
    0x0000033a   0x00000000   Code   RO          681    .ARM.Collect$$libinit$$0000002C  c_w.l(libinit2.o)
    0x0000033a   0x00000000   Code   RO          683    .ARM.Collect$$libinit$$0000002E  c_w.l(libinit2.o)
    0x0000033a   0x00000000   Code   RO          685    .ARM.Collect$$libinit$$00000030  c_w.l(libinit2.o)
    0x0000033a   0x00000002   Code   RO          686    .ARM.Collect$$libinit$$00000031  c_w.l(libinit2.o)
    0x0000033c   0x00000002   Code   RO          706    .ARM.Collect$$libshutdown$$00000000  c_w.l(libshutdown.o)
    0x0000033e   0x00000000   Code   RO          720    .ARM.Collect$$libshutdown$$00000003  c_w.l(libshutdown2.o)
    0x0000033e   0x00000000   Code   RO          723    .ARM.Collect$$libshutdown$$00000006  c_w.l(libshutdown2.o)
    0x0000033e   0x00000000   Code   RO          726    .ARM.Collect$$libshutdown$$00000009  c_w.l(libshutdown2.o)
    0x0000033e   0x00000000   Code   RO          728    .ARM.Collect$$libshutdown$$0000000B  c_w.l(libshutdown2.o)
    0x0000033e   0x00000000   Code   RO          731    .ARM.Collect$$libshutdown$$0000000E  c_w.l(libshutdown2.o)
    0x0000033e   0x00000002   Code   RO          732    .ARM.Collect$$libshutdown$$0000000F  c_w.l(libshutdown2.o)
    0x00000340   0x00000000   Code   RO          613    .ARM.Collect$$rtentry$$00000000  c_w.l(rtentry.o)
    0x00000340   0x00000000   Code   RO          615    .ARM.Collect$$rtentry$$00000002  c_w.l(rtentry2.o)
    0x00000340   0x00000006   Code   RO          627    .ARM.Collect$$rtentry$$00000004  c_w.l(rtentry4.o)
    0x00000346   0x00000000   Code   RO          617    .ARM.Collect$$rtentry$$00000009  c_w.l(rtentry2.o)
    0x00000346   0x00000004   Code   RO          618    .ARM.Collect$$rtentry$$0000000A  c_w.l(rtentry2.o)
    0x0000034a   0x00000000   Code   RO          620    .ARM.Collect$$rtentry$$0000000C  c_w.l(rtentry2.o)
    0x0000034a   0x00000008   Code   RO          621    .ARM.Collect$$rtentry$$0000000D  c_w.l(rtentry2.o)
    0x00000352   0x00000002   Code   RO          642    .ARM.Collect$$rtexit$$00000000  c_w.l(rtexit.o)
    0x00000354   0x00000000   Code   RO          688    .ARM.Collect$$rtexit$$00000002  c_w.l(rtexit2.o)
    0x00000354   0x00000004   Code   RO          689    .ARM.Collect$$rtexit$$00000003  c_w.l(rtexit2.o)
    0x00000358   0x00000006   Code   RO          690    .ARM.Collect$$rtexit$$00000004  c_w.l(rtexit2.o)
    0x0000035e   0x00000002   PAD
    0x00000360   0x00000030   Code   RO            4    .text               startup.o
    0x00000390   0x00000058   Code   RO          204    .text               lcd.o
    0x000003e8   0x000004a0   Code   RO          590    .text               texas.o
    0x00000888   0x00000006   Code   RO          609    .text               c_w.l(heapauxi.o)
    0x0000088e   0x0000004a   Code   RO          629    .text               c_w.l(sys_stackheap_outer.o)
    0x000008d8   0x0000000c   Code   RO          631    .text               c_w.l(exit.o)
    0x000008e4   0x00000008   Code   RO          639    .text               c_w.l(libspace.o)
    0x000008ec   0x0000000c   Code   RO          698    .text               c_w.l(sys_exit.o)
    0x000008f8   0x00000002   Code   RO          709    .text               c_w.l(use_no_semi.o)
    0x000008fa   0x00000000   Code   RO          711    .text               c_w.l(indicate_semi.o)
    0x000008fa   0x00000002   PAD
    0x000008fc   0x0000002c   Code   RO           41    i.ADC_In            adc.o
    0x00000928   0x000000fc   Code   RO           42    i.ADC_Init          adc.o
    0x00000a24   0x0000000e   Code   RO          210    i.Convert           spaceinvaders.o
    0x00000a32   0x00000002   PAD
    0x00000a34   0x00000044   Code   RO           16    i.DAC_Init          dac.o
    0x00000a78   0x0000000c   Code   RO           17    i.DAC_Out           dac.o
    0x00000a84   0x00000020   Code   RO          327    i.Delay1ms          st7735.o
    0x00000aa4   0x00000030   Code   RO          101    i.Delayroutine      sound.o
    0x00000ad4   0x0000003c   Code   RO          102    i.Explosion_counter  sound.o
    0x00000b10   0x00000048   Code   RO          211    i.GPIOPortD_Handler  spaceinvaders.o
    0x00000b58   0x0000008c   Code   RO          212    i.PortD_Init        spaceinvaders.o
    0x00000be4   0x00000078   Code   RO          213    i.PortF_Init        spaceinvaders.o
    0x00000c5c   0x00000120   Code   RO          334    i.ST7735_DrawBitmap  st7735.o
    0x00000d7c   0x00000048   Code   RO          339    i.ST7735_DrawPixel  st7735.o
    0x00000dc4   0x000000ac   Code   RO          341    i.ST7735_FillRect   st7735.o
    0x00000e70   0x00000024   Code   RO          342    i.ST7735_FillScreen  st7735.o
    0x00000e94   0x0000007c   Code   RO          344    i.ST7735_InitR      st7735.o
    0x00000f10   0x00000020   Code   RO          357    i.ST7735_SetCursor  st7735.o
    0x00000f30   0x0000003c   Code   RO          103    i.Shoot_counter     sound.o
    0x00000f6c   0x00000064   Code   RO          104    i.Sound_Init        sound.o
    0x00000fd0   0x00000014   Code   RO          105    i.Sound_Play        sound.o
    0x00000fe4   0x0000005c   Code   RO          106    i.StartScreenMusic  sound.o
    0x00001040   0x000000f0   Code   RO          214    i.SysTick_Handler   spaceinvaders.o
    0x00001130   0x00000020   Code   RO          215    i.SysTick_Init      spaceinvaders.o
    0x00001150   0x00000018   Code   RO           59    i.Timer0A_Handler   timer0.o
    0x00001168   0x00000018   Code   RO           80    i.Timer1A_Handler   timer1.o
    0x00001180   0x000000d0   Code   RO          107    i.Timer2A_Handler   sound.o
    0x00001250   0x00000056   Code   RO          361    i.commandList       st7735.o
    0x000012a6   0x00000002   PAD
    0x000012a8   0x00000184   Code   RO          362    i.commonInit        st7735.o
    0x0000142c   0x0000000a   Code   RO          216    i.delay             spaceinvaders.o
    0x00001436   0x00000002   PAD
    0x00001438   0x000000a4   Code   RO          217    i.endScreen         spaceinvaders.o
    0x000014dc   0x00000184   Code   RO          218    i.eraseSprites      spaceinvaders.o
    0x00001660   0x0000014c   Code   RO          219    i.explosionCycle    spaceinvaders.o
    0x000017ac   0x00000024   Code   RO          108    i.explosionconvert  sound.o
    0x000017d0   0x00000024   Code   RO          220    i.gameOver          spaceinvaders.o
    0x000017f4   0x0000014c   Code   RO          221    i.hitCheck          spaceinvaders.o
    0x00001940   0x0000003c   Code   RO          109    i.invader_counter   sound.o
    0x0000197c   0x00000024   Code   RO          110    i.invaderconvert    sound.o
    0x000019a0   0x000001c0   Code   RO          222    i.main              spaceinvaders.o
    0x00001b60   0x0000010c   Code   RO          223    i.newLaser          spaceinvaders.o
    0x00001c6c   0x00000108   Code   RO          224    i.outNumber         spaceinvaders.o
    0x00001d74   0x00000094   Code   RO          225    i.outScore          spaceinvaders.o
    0x00001e08   0x00000012   Code   RO          367    i.pushColor         st7735.o
    0x00001e1a   0x00000002   PAD
    0x00001e1c   0x00000074   Code   RO          368    i.setAddrWindow     st7735.o
    0x00001e90   0x0000000c   Code   RO          111    i.setStartMusic     sound.o
    0x00001e9c   0x00000034   Code   RO          112    i.setexplosion      sound.o
    0x00001ed0   0x00000034   Code   RO          113    i.setinvader        sound.o
    0x00001f04   0x00000034   Code   RO          114    i.setshoot          sound.o
    0x00001f38   0x00000024   Code   RO          115    i.shootconvert      sound.o
    0x00001f5c   0x00000088   Code   RO          226    i.startScreen       spaceinvaders.o
    0x00001fe4   0x00003edb   Data   RO          116    .constdata          sound.o
    0x00005ebf   0x00000001   PAD
    0x00005ec0   0x000061ca   Data   RO          228    .constdata          spaceinvaders.o
    0x0000c08a   0x000007e2   Data   RO          370    .constdata          st7735.o
    0x0000c86c   0x000000f0   Data   RO          592    .constdata          texas.o
    0x0000c95c   0x00000020   Data   RO          763    Region$$Table       anon$$obj.o


    Execution Region ER_RW (Base: 0x20000000, Size: 0x000001e8, Max: 0xffffffff, ABSOLUTE, COMPRESSED[0x000000ac])

    Base Addr    Size         Type   Attr      Idx    E Section Name        Object

    0x20000000   0x00000004   Data   RW           61    .data               timer0.o
    0x20000004   0x00000004   Data   RW           82    .data               timer1.o
    0x20000008   0x000000b4   Data   RW          117    .data               sound.o
    0x200000bc   0x000000ce   Data   RW          229    .data               spaceinvaders.o
    0x2000018a   0x00000002   PAD
    0x2000018c   0x0000002c   Data   RW          371    .data               st7735.o
    0x200001b8   0x00000030   Data   RW          593    .data               texas.o


    Execution Region ER_ZI (Base: 0x200001e8, Size: 0x00000588, Max: 0xffffffff, ABSOLUTE)

    Base Addr    Size         Type   Attr      Idx    E Section Name        Object

    0x200001e8   0x000000f0   Zero   RW          227    .bss                spaceinvaders.o
    0x200002d8   0x00000038   Zero   RW          591    .bss                texas.o
    0x20000310   0x00000060   Zero   RW          640    .bss                c_w.l(libspace.o)
    0x20000370   0x00000000   Zero   RW            2    HEAP                startup.o
    0x20000370   0x00000400   Zero   RW            1    STACK               startup.o


==============================================================================

Image component sizes


      Code (inc. data)   RO Data    RW Data    ZI Data      Debug   Object Name

       296         38          0          0          0        776   adc.o
        80         18          0          0          0       4901   dac.o
        88         12          0          0          0        184   lcd.o
       924        234      16091        180          0       7270   sound.o
      3144        376      25034        206        240      11172   spaceinvaders.o
      1364        134       2018         44          0       9083   st7735.o
       692        632          0          0       1024        860   startup.o
      1184        188        240         48         56      14668   texas.o
        24          8          0          4          0        746   timer0.o
        24          8          0          4          0        746   timer1.o

    ----------------------------------------------------------------------
      7828       1648      43416        488       1320      50406   Object Totals
         0          0         32          0          0          0   (incl. Generated)
         8          0          1          2          0          0   (incl. Padding)

    ----------------------------------------------------------------------

      Code (inc. data)   RO Data    RW Data    ZI Data      Debug   Library Member Name

        90          0          0          0          0          0   __dczerorl2.o
         8          0          0          0          0         68   __main.o
        52          8          0          0          0          0   __scatter.o
        28          0          0          0          0          0   __scatter_zi.o
        12          0          0          0          0         72   exit.o
         6          0          0          0          0        152   heapauxi.o
         0          0          0          0          0          0   indicate_semi.o
         2          0          0          0          0          0   libinit.o
         2          0          0          0          0          0   libinit2.o
         2          0          0          0          0          0   libshutdown.o
         2          0          0          0          0          0   libshutdown2.o
         8          4          0          0         96         68   libspace.o
         0          0          0          0          0          0   rtentry.o
        12          0          0          0          0          0   rtentry2.o
         6          0          0          0          0          0   rtentry4.o
         2          0          0          0          0          0   rtexit.o
        10          0          0          0          0          0   rtexit2.o
        12          4          0          0          0         68   sys_exit.o
        74          0          0          0          0         80   sys_stackheap_outer.o
         2          0          0          0          0         68   use_no_semi.o

    ----------------------------------------------------------------------
       336         16          0          0         96        576   Library Totals
         6          0          0          0          0          0   (incl. Padding)

    ----------------------------------------------------------------------

      Code (inc. data)   RO Data    RW Data    ZI Data      Debug   Library Name

       330         16          0          0         96        576   c_w.l

    ----------------------------------------------------------------------
       336         16          0          0         96        576   Library Totals

    ----------------------------------------------------------------------

==============================================================================


      Code (inc. data)   RO Data    RW Data    ZI Data      Debug   

      8164       1664      43416        488       1416      48122   Grand Totals
      8164       1664      43416        172       1416      48122   ELF Image Totals (compressed)
      8164       1664      43416        172          0          0   ROM Totals

==============================================================================

    Total RO  Size (Code + RO Data)                51580 (  50.37kB)
    Total RW  Size (RW Data + ZI Data)              1904 (   1.86kB)
    Total ROM Size (Code + RO Data + RW Data)      51752 (  50.54kB)

==============================================================================

