<html>
<body>
<pre>
<h1>µVision Build Log</h1>
<h2>Project:</h2>
C:\Users\dmcau\Google Drive\Documents\College\(1) Freshman\EE319K- Embedded Systems\Labs\Lab 9\Lab 9 Final\Lab9.uvproj
Project File Date:  04/22/2017

<h2>Output:</h2>
Rebuild target 'Lab9'
assembling startup.s...
assembling LCD.s...
assembling Print.s...
compiling ADC.c...
ADC.c(15): warning:  #550-D: variable "delay" was set but never used
                        uint32_t delay;
ADC.c: 1 warning, 0 errors
compiling ST7735.c...
compiling UART.c...
compiling Lab9.c...
compiling FiFo.c...
linking...
Program Size: Code=5020 RO-data=14764 RW-data=200 ZI-data=1256  
".\Lab9.axf" - 0 Error(s), 1 Warning(s).
Load "C:\\Users\\dmcau\\Google Drive\\Documents\\College\\(1) Freshman\\EE319K- Embedded Systems\\Labs\\Lab 9\\Lab 9 Final\\Lab9.axf" 
Connecting: Mode=JTAG, Speed=1000000Hz
Erase Done.
Programming Done.
Verify OK.
</pre>
</body>
</html>
