<html>
<body>
<pre>
<h1>µVision Build Log</h1>
<h2>Project:</h2>
C:\Users\dmcau\Downloads\lab2-3-DylanCauwels-master\lab2-3-DylanCauwels-master\Lab2-3.uvproj
Project File Date:  02/12/2017

<h2>Output:</h2>
Rebuild target 'Lab2-3'
assembling Startup.s...
assembling main.s...
linking...
Program Size: Code=2056 RO-data=240 RW-data=48 ZI-data=1080  
".\Lab2-3.axf" - 0 Error(s), 0 Warning(s).
</pre>
</body>
</html>
ab2-3.axf" - 1 Error(s), 0 Warning(s).
Target not created
ented by 0-255 shifted left by 0-23 or duplicated in all, odd or even bytes
".\Lab2-3.axf" - 2 Error(s), 0 Warning(s).
Target not created
 been cancelled
